<?xml version="1.0" encoding="ISO-8859-1" ?>
<link_info>
   <banner>TI ARM Linker PC v20.2.5.LTS</banner>
   <copyright>Copyright (c) 1996-2018 Texas Instruments Incorporated</copyright>
   <link_time>0x61f5b060</link_time>
   <link_errors>0x0</link_errors>
   <output_file>FreeRTOS_Lab5.out</output_file>
   <entry_point>
      <name>_c_int00_noargs</name>
      <address>0x4601</address>
   </entry_point>
   <input_file_list>
      <input_file id="fl-2">
         <path>.\</path>
         <kind>object</kind>
         <file>DIO.obj</file>
         <name>DIO.obj</name>
      </input_file>
      <input_file id="fl-3">
         <path>.\</path>
         <kind>object</kind>
         <file>PLL.obj</file>
         <name>PLL.obj</name>
      </input_file>
      <input_file id="fl-4">
         <path>.\</path>
         <kind>object</kind>
         <file>UART.obj</file>
         <name>UART.obj</name>
      </input_file>
      <input_file id="fl-5">
         <path>.\</path>
         <kind>object</kind>
         <file>heap_2.obj</file>
         <name>heap_2.obj</name>
      </input_file>
      <input_file id="fl-6">
         <path>.\</path>
         <kind>object</kind>
         <file>list.obj</file>
         <name>list.obj</name>
      </input_file>
      <input_file id="fl-7">
         <path>.\</path>
         <kind>object</kind>
         <file>main.obj</file>
         <name>main.obj</name>
      </input_file>
      <input_file id="fl-8">
         <path>.\</path>
         <kind>object</kind>
         <file>port.obj</file>
         <name>port.obj</name>
      </input_file>
      <input_file id="fl-9">
         <path>.\</path>
         <kind>object</kind>
         <file>portasm.obj</file>
         <name>portasm.obj</name>
      </input_file>
      <input_file id="fl-a">
         <path>.\</path>
         <kind>object</kind>
         <file>queue.obj</file>
         <name>queue.obj</name>
      </input_file>
      <input_file id="fl-b">
         <path>.\</path>
         <kind>object</kind>
         <file>tasks.obj</file>
         <name>tasks.obj</name>
      </input_file>
      <input_file id="fl-c">
         <path>.\</path>
         <kind>object</kind>
         <file>tm4c123gh6pm_startup_ccs.obj</file>
         <name>tm4c123gh6pm_startup_ccs.obj</name>
      </input_file>
      <input_file id="fl-10">
         <kind>object</kind>
         <file>&lt;internal&gt;</file>
         <name>&lt;internal&gt;</name>
      </input_file>
      <input_file id="fl-c6">
         <path>C:\ti\ccs1110\ccs\tools\compiler\ti-cgt-arm_20.2.5.LTS\lib\</path>
         <kind>archive</kind>
         <file>rtsv7M4_T_le_v4SPD16_eabi.lib</file>
         <name>fd_add_t2.asm.obj</name>
      </input_file>
      <input_file id="fl-c7">
         <path>C:\ti\ccs1110\ccs\tools\compiler\ti-cgt-arm_20.2.5.LTS\lib\</path>
         <kind>archive</kind>
         <file>rtsv7M4_T_le_v4SPD16_eabi.lib</file>
         <name>fd_toi_t2.asm.obj</name>
      </input_file>
      <input_file id="fl-c8">
         <path>C:\ti\ccs1110\ccs\tools\compiler\ti-cgt-arm_20.2.5.LTS\lib\</path>
         <kind>archive</kind>
         <file>rtsv7M4_T_le_v4SPD16_eabi.lib</file>
         <name>fs_tod_t2.asm.obj</name>
      </input_file>
      <input_file id="fl-c9">
         <path>C:\ti\ccs1110\ccs\tools\compiler\ti-cgt-arm_20.2.5.LTS\lib\</path>
         <kind>archive</kind>
         <file>rtsv7M4_T_le_v4SPD16_eabi.lib</file>
         <name>memcpy_t2.asm.obj</name>
      </input_file>
      <input_file id="fl-ca">
         <path>C:\ti\ccs1110\ccs\tools\compiler\ti-cgt-arm_20.2.5.LTS\lib\</path>
         <kind>archive</kind>
         <file>rtsv7M4_T_le_v4SPD16_eabi.lib</file>
         <name>memset_t2.asm.obj</name>
      </input_file>
      <input_file id="fl-cb">
         <path>C:\ti\ccs1110\ccs\tools\compiler\ti-cgt-arm_20.2.5.LTS\lib\</path>
         <kind>archive</kind>
         <file>rtsv7M4_T_le_v4SPD16_eabi.lib</file>
         <name>copy_zero_init.c.obj</name>
      </input_file>
      <input_file id="fl-cc">
         <path>C:\ti\ccs1110\ccs\tools\compiler\ti-cgt-arm_20.2.5.LTS\lib\</path>
         <kind>archive</kind>
         <file>rtsv7M4_T_le_v4SPD16_eabi.lib</file>
         <name>copy_decompress_none.c.obj</name>
      </input_file>
      <input_file id="fl-cd">
         <path>C:\ti\ccs1110\ccs\tools\compiler\ti-cgt-arm_20.2.5.LTS\lib\</path>
         <kind>archive</kind>
         <file>rtsv7M4_T_le_v4SPD16_eabi.lib</file>
         <name>copy_decompress_lzss.c.obj</name>
      </input_file>
      <input_file id="fl-ce">
         <path>C:\ti\ccs1110\ccs\tools\compiler\ti-cgt-arm_20.2.5.LTS\lib\</path>
         <kind>archive</kind>
         <file>rtsv7M4_T_le_v4SPD16_eabi.lib</file>
         <name>boot_cortex_m.c.obj</name>
      </input_file>
      <input_file id="fl-cf">
         <path>C:\ti\ccs1110\ccs\tools\compiler\ti-cgt-arm_20.2.5.LTS\lib\</path>
         <kind>archive</kind>
         <file>rtsv7M4_T_le_v4SPD16_eabi.lib</file>
         <name>autoinit.c.obj</name>
      </input_file>
      <input_file id="fl-d0">
         <path>C:\ti\ccs1110\ccs\tools\compiler\ti-cgt-arm_20.2.5.LTS\lib\</path>
         <kind>archive</kind>
         <file>rtsv7M4_T_le_v4SPD16_eabi.lib</file>
         <name>pre_init.c.obj</name>
      </input_file>
      <input_file id="fl-d1">
         <path>C:\ti\ccs1110\ccs\tools\compiler\ti-cgt-arm_20.2.5.LTS\lib\</path>
         <kind>archive</kind>
         <file>rtsv7M4_T_le_v4SPD16_eabi.lib</file>
         <name>cpy_tbl.c.obj</name>
      </input_file>
      <input_file id="fl-d2">
         <path>C:\ti\ccs1110\ccs\tools\compiler\ti-cgt-arm_20.2.5.LTS\lib\</path>
         <kind>archive</kind>
         <file>rtsv7M4_T_le_v4SPD16_eabi.lib</file>
         <name>exit.c.obj</name>
      </input_file>
      <input_file id="fl-d3">
         <path>C:\ti\ccs1110\ccs\tools\compiler\ti-cgt-arm_20.2.5.LTS\lib\</path>
         <kind>archive</kind>
         <file>rtsv7M4_T_le_v4SPD16_eabi.lib</file>
         <name>_lock.c.obj</name>
      </input_file>
      <input_file id="fl-d4">
         <path>C:\ti\ccs1110\ccs\tools\compiler\ti-cgt-arm_20.2.5.LTS\lib\</path>
         <kind>archive</kind>
         <file>rtsv7M4_T_le_v4SPD16_eabi.lib</file>
         <name>args_main.c.obj</name>
      </input_file>
   </input_file_list>
   <object_component_list>
      <object_component id="oc-12">
         <name>.intvecs</name>
         <load_address>0x0</load_address>
         <run_address>0x0</run_address>
         <size>0x26c</size>
         <input_file_ref idref="fl-c"/>
      </object_component>
      <object_component id="oc-7f">
         <name>.text</name>
         <load_address>0x26c</load_address>
         <run_address>0x26c</run_address>
         <size>0x23bc</size>
         <input_file_ref idref="fl-b"/>
      </object_component>
      <object_component id="oc-137">
         <name>.text</name>
         <load_address>0x2628</load_address>
         <run_address>0x2628</run_address>
         <size>0xd84</size>
         <input_file_ref idref="fl-a"/>
      </object_component>
      <object_component id="oc-131">
         <name>.text</name>
         <load_address>0x33ac</load_address>
         <run_address>0x33ac</run_address>
         <size>0x4f0</size>
         <input_file_ref idref="fl-2"/>
      </object_component>
      <object_component id="oc-13d">
         <name>.text</name>
         <load_address>0x389c</load_address>
         <run_address>0x389c</run_address>
         <size>0x214</size>
         <input_file_ref idref="fl-4"/>
      </object_component>
      <object_component id="oc-de">
         <name>.text</name>
         <load_address>0x3ab0</load_address>
         <run_address>0x3ab0</run_address>
         <size>0x1d8</size>
         <input_file_ref idref="fl-5"/>
      </object_component>
      <object_component id="oc-32">
         <name>.text</name>
         <load_address>0x3c88</load_address>
         <run_address>0x3c88</run_address>
         <size>0x1c8</size>
         <input_file_ref idref="fl-8"/>
      </object_component>
      <object_component id="oc-1e4">
         <name>.text</name>
         <load_address>0x3e50</load_address>
         <run_address>0x3e50</run_address>
         <size>0x1b6</size>
         <input_file_ref idref="fl-c6"/>
      </object_component>
      <object_component id="oc-e4">
         <name>.text</name>
         <load_address>0x4006</load_address>
         <run_address>0x4006</run_address>
         <size>0x132</size>
         <input_file_ref idref="fl-6"/>
      </object_component>
      <object_component id="oc-c2">
         <name>.text</name>
         <load_address>0x4138</load_address>
         <run_address>0x4138</run_address>
         <size>0x12c</size>
         <input_file_ref idref="fl-7"/>
      </object_component>
      <object_component id="oc-2d">
         <name>.text</name>
         <load_address>0x4264</load_address>
         <run_address>0x4264</run_address>
         <size>0xda</size>
         <input_file_ref idref="fl-9"/>
      </object_component>
      <object_component id="oc-46">
         <name>.text</name>
         <load_address>0x433e</load_address>
         <run_address>0x433e</run_address>
         <size>0x9c</size>
         <input_file_ref idref="fl-c9"/>
      </object_component>
      <object_component id="oc-143">
         <name>.text</name>
         <load_address>0x43dc</load_address>
         <run_address>0x43dc</run_address>
         <size>0x7c</size>
         <input_file_ref idref="fl-3"/>
      </object_component>
      <object_component id="oc-b6">
         <name>.text</name>
         <load_address>0x4458</load_address>
         <run_address>0x4458</run_address>
         <size>0x7a</size>
         <input_file_ref idref="fl-ca"/>
      </object_component>
      <object_component id="oc-15">
         <name>.text:decompress:lzss:__TI_decompress_lzss</name>
         <load_address>0x44d2</load_address>
         <run_address>0x44d2</run_address>
         <size>0x68</size>
         <input_file_ref idref="fl-cd"/>
      </object_component>
      <object_component id="oc-1e9">
         <name>.text</name>
         <load_address>0x453a</load_address>
         <run_address>0x453a</run_address>
         <size>0x48</size>
         <input_file_ref idref="fl-c7"/>
      </object_component>
      <object_component id="oc-161">
         <name>.text:__TI_auto_init_nobinit_nopinit:__TI_auto_init_nobinit_nopinit</name>
         <load_address>0x4584</load_address>
         <run_address>0x4584</run_address>
         <size>0x44</size>
         <input_file_ref idref="fl-cf"/>
      </object_component>
      <object_component id="oc-1df">
         <name>.text</name>
         <load_address>0x45c8</load_address>
         <run_address>0x45c8</run_address>
         <size>0x38</size>
         <input_file_ref idref="fl-c8"/>
      </object_component>
      <object_component id="oc-64">
         <name>.text:_c_int00_noargs:_c_int00_noargs</name>
         <load_address>0x4600</load_address>
         <run_address>0x4600</run_address>
         <size>0x34</size>
         <input_file_ref idref="fl-ce"/>
      </object_component>
      <object_component id="oc-1b">
         <name>.text:decompress:none:__TI_decompress_none</name>
         <load_address>0x4634</load_address>
         <run_address>0x4634</run_address>
         <size>0xe</size>
         <input_file_ref idref="fl-cc"/>
      </object_component>
      <object_component id="oc-58">
         <name>.text:decompress:ZI:__TI_zero_init</name>
         <load_address>0x4642</load_address>
         <run_address>0x4642</run_address>
         <size>0xc</size>
         <input_file_ref idref="fl-cb"/>
      </object_component>
      <object_component id="oc-27">
         <name>.text</name>
         <load_address>0x464e</load_address>
         <run_address>0x464e</run_address>
         <size>0xc</size>
         <input_file_ref idref="fl-c"/>
      </object_component>
      <object_component id="oc-bc">
         <name>.text:_system_pre_init</name>
         <load_address>0x465a</load_address>
         <run_address>0x465a</run_address>
         <size>0x4</size>
         <input_file_ref idref="fl-d0"/>
      </object_component>
      <object_component id="oc-155">
         <name>.text:abort:abort</name>
         <load_address>0x465e</load_address>
         <run_address>0x465e</run_address>
         <size>0x4</size>
         <input_file_ref idref="fl-d2"/>
      </object_component>
      <object_component id="oc-7c">
         <name>.const</name>
         <load_address>0x4664</load_address>
         <run_address>0x4664</run_address>
         <size>0x8</size>
         <input_file_ref idref="fl-8"/>
      </object_component>
      <object_component id="oc-f9">
         <name>.const</name>
         <load_address>0x466c</load_address>
         <run_address>0x466c</run_address>
         <size>0x4</size>
         <input_file_ref idref="fl-b"/>
      </object_component>
      <object_component id="oc-292">
         <name>.cinit..data.load</name>
         <load_address>0x4670</load_address>
         <run_address>0x4670</run_address>
         <size>0x1b</size>
      </object_component>
      <object_component id="oc-290">
         <name>__TI_handler_table</name>
         <load_address>0x468c</load_address>
         <run_address>0x468c</run_address>
         <size>0xc</size>
      </object_component>
      <object_component id="oc-293">
         <name>.cinit..bss.load</name>
         <load_address>0x4698</load_address>
         <run_address>0x4698</run_address>
         <size>0x8</size>
      </object_component>
      <object_component id="oc-291">
         <name>__TI_cinit_table</name>
         <load_address>0x46a0</load_address>
         <run_address>0x46a0</run_address>
         <size>0x10</size>
      </object_component>
      <object_component id="oc-1ae">
         <name>.data</name>
         <load_address>0x20005198</load_address>
         <run_address>0x20005198</run_address>
         <size>0x8</size>
         <input_file_ref idref="fl-5"/>
      </object_component>
      <object_component id="oc-149">
         <name>.data</name>
         <load_address>0x200051a0</load_address>
         <run_address>0x200051a0</run_address>
         <size>0x1</size>
         <input_file_ref idref="fl-7"/>
      </object_component>
      <object_component id="oc-86">
         <name>.data</name>
         <load_address>0x2000518c</load_address>
         <run_address>0x2000518c</run_address>
         <size>0xc</size>
         <input_file_ref idref="fl-8"/>
      </object_component>
      <object_component id="oc-79">
         <name>.data</name>
         <load_address>0x20005158</load_address>
         <run_address>0x20005158</run_address>
         <size>0x34</size>
         <input_file_ref idref="fl-b"/>
      </object_component>
      <object_component id="oc-1b7">
         <name>.bss:ucHeap</name>
         <uninitialized>true</uninitialized>
         <run_address>0x20000000</run_address>
         <size>0x4e20</size>
         <input_file_ref idref="fl-5"/>
      </object_component>
      <object_component id="oc-1b1">
         <name>.bss:xStart</name>
         <uninitialized>true</uninitialized>
         <run_address>0x20004f48</run_address>
         <size>0x8</size>
         <input_file_ref idref="fl-5"/>
      </object_component>
      <object_component id="oc-1b4">
         <name>.bss:xEnd</name>
         <uninitialized>true</uninitialized>
         <run_address>0x20004f40</run_address>
         <size>0x8</size>
         <input_file_ref idref="fl-5"/>
      </object_component>
      <object_component id="oc-ea">
         <name>.bss:pxReadyTasksLists</name>
         <uninitialized>true</uninitialized>
         <run_address>0x20004e20</run_address>
         <size>0x64</size>
         <input_file_ref idref="fl-b"/>
      </object_component>
      <object_component id="oc-fc">
         <name>.bss:xDelayedTaskList1</name>
         <uninitialized>true</uninitialized>
         <run_address>0x20004ed4</run_address>
         <size>0x14</size>
         <input_file_ref idref="fl-b"/>
      </object_component>
      <object_component id="oc-ff">
         <name>.bss:xDelayedTaskList2</name>
         <uninitialized>true</uninitialized>
         <run_address>0x20004ee8</run_address>
         <size>0x14</size>
         <input_file_ref idref="fl-b"/>
      </object_component>
      <object_component id="oc-f0">
         <name>.bss</name>
         <uninitialized>true</uninitialized>
         <run_address>0x20004f38</run_address>
         <size>0x8</size>
         <input_file_ref idref="fl-b"/>
      </object_component>
      <object_component id="oc-f6">
         <name>.bss:xPendingReadyList</name>
         <uninitialized>true</uninitialized>
         <run_address>0x20004efc</run_address>
         <size>0x14</size>
         <input_file_ref idref="fl-b"/>
      </object_component>
      <object_component id="oc-ed">
         <name>.bss:xTasksWaitingTermination</name>
         <uninitialized>true</uninitialized>
         <run_address>0x20004f24</run_address>
         <size>0x14</size>
         <input_file_ref idref="fl-b"/>
      </object_component>
      <object_component id="oc-f3">
         <name>.bss:xSuspendedTaskList</name>
         <uninitialized>true</uninitialized>
         <run_address>0x20004f10</run_address>
         <size>0x14</size>
         <input_file_ref idref="fl-b"/>
      </object_component>
      <object_component id="oc-14c">
         <name>.common:Client_Sem</name>
         <uninitialized>true</uninitialized>
         <run_address>0x20004f50</run_address>
         <size>0x4</size>
      </object_component>
      <object_component id="oc-1d6">
         <name>.common:xQueueRegistry</name>
         <uninitialized>true</uninitialized>
         <run_address>0x20004e84</run_address>
         <size>0x50</size>
      </object_component>
      <object_component id="oc-24">
         <name>.stack</name>
         <uninitialized>true</uninitialized>
         <run_address>0x20004f58</run_address>
         <size>0x4</size>
         <input_file_ref idref="fl-ce"/>
      </object_component>
      <object_component id="oc-295">
         <name>.stack</name>
         <uninitialized>true</uninitialized>
         <run_address>0x20004f58</run_address>
         <size>0x0</size>
      </object_component>
      <object_component id="oc-1d5">
         <name>.debug_info</name>
         <load_address>0x0</load_address>
         <run_address>0x0</run_address>
         <size>0x25b</size>
         <input_file_ref idref="fl-2"/>
      </object_component>
      <object_component id="oc-133">
         <name>.debug_info</name>
         <load_address>0x25b</load_address>
         <run_address>0x25b</run_address>
         <size>0x3b6</size>
         <input_file_ref idref="fl-2"/>
      </object_component>
      <object_component id="oc-41">
         <name>.debug_info</name>
         <load_address>0x611</load_address>
         <run_address>0x611</run_address>
         <size>0x84</size>
         <input_file_ref idref="fl-2"/>
      </object_component>
      <object_component id="oc-150">
         <name>.debug_info</name>
         <load_address>0x695</load_address>
         <run_address>0x695</run_address>
         <size>0x53</size>
         <input_file_ref idref="fl-2"/>
      </object_component>
      <object_component id="oc-144">
         <name>.debug_info</name>
         <load_address>0x6e8</load_address>
         <run_address>0x6e8</run_address>
         <size>0x101</size>
         <input_file_ref idref="fl-3"/>
      </object_component>
      <object_component id="oc-1ef">
         <name>.debug_info</name>
         <load_address>0x7e9</load_address>
         <run_address>0x7e9</run_address>
         <size>0x286</size>
         <input_file_ref idref="fl-4"/>
      </object_component>
      <object_component id="oc-140">
         <name>.debug_info</name>
         <load_address>0xa6f</load_address>
         <run_address>0xa6f</run_address>
         <size>0x44c</size>
         <input_file_ref idref="fl-4"/>
      </object_component>
      <object_component id="oc-11b">
         <name>.debug_info</name>
         <load_address>0xebb</load_address>
         <run_address>0xebb</run_address>
         <size>0x411</size>
         <input_file_ref idref="fl-5"/>
      </object_component>
      <object_component id="oc-1b8">
         <name>.debug_info</name>
         <load_address>0x12cc</load_address>
         <run_address>0x12cc</run_address>
         <size>0xd5</size>
         <input_file_ref idref="fl-5"/>
      </object_component>
      <object_component id="oc-1b2">
         <name>.debug_info</name>
         <load_address>0x13a1</load_address>
         <run_address>0x13a1</run_address>
         <size>0xd5</size>
         <input_file_ref idref="fl-5"/>
      </object_component>
      <object_component id="oc-1b5">
         <name>.debug_info</name>
         <load_address>0x1476</load_address>
         <run_address>0x1476</run_address>
         <size>0xd1</size>
         <input_file_ref idref="fl-5"/>
      </object_component>
      <object_component id="oc-1af">
         <name>.debug_info</name>
         <load_address>0x1547</load_address>
         <run_address>0x1547</run_address>
         <size>0xef</size>
         <input_file_ref idref="fl-5"/>
      </object_component>
      <object_component id="oc-df">
         <name>.debug_info</name>
         <load_address>0x1636</load_address>
         <run_address>0x1636</run_address>
         <size>0x550</size>
         <input_file_ref idref="fl-5"/>
      </object_component>
      <object_component id="oc-10c">
         <name>.debug_info</name>
         <load_address>0x1b86</load_address>
         <run_address>0x1b86</run_address>
         <size>0x315</size>
         <input_file_ref idref="fl-5"/>
      </object_component>
      <object_component id="oc-19a">
         <name>.debug_info</name>
         <load_address>0x1e9b</load_address>
         <run_address>0x1e9b</run_address>
         <size>0x110</size>
         <input_file_ref idref="fl-5"/>
      </object_component>
      <object_component id="oc-9c">
         <name>.debug_info</name>
         <load_address>0x1fab</load_address>
         <run_address>0x1fab</run_address>
         <size>0x26b</size>
         <input_file_ref idref="fl-5"/>
      </object_component>
      <object_component id="oc-1a9">
         <name>.debug_info</name>
         <load_address>0x2216</load_address>
         <run_address>0x2216</run_address>
         <size>0x476</size>
         <input_file_ref idref="fl-5"/>
      </object_component>
      <object_component id="oc-1cf">
         <name>.debug_info</name>
         <load_address>0x268c</load_address>
         <run_address>0x268c</run_address>
         <size>0x62</size>
         <input_file_ref idref="fl-5"/>
      </object_component>
      <object_component id="oc-8b">
         <name>.debug_info</name>
         <load_address>0x26ee</load_address>
         <run_address>0x26ee</run_address>
         <size>0x2c</size>
         <input_file_ref idref="fl-5"/>
      </object_component>
      <object_component id="oc-11c">
         <name>.debug_info</name>
         <load_address>0x271a</load_address>
         <run_address>0x271a</run_address>
         <size>0x2a4</size>
         <input_file_ref idref="fl-5"/>
      </object_component>
      <object_component id="oc-95">
         <name>.debug_info</name>
         <load_address>0x29be</load_address>
         <run_address>0x29be</run_address>
         <size>0xbb</size>
         <input_file_ref idref="fl-5"/>
      </object_component>
      <object_component id="oc-90">
         <name>.debug_info</name>
         <load_address>0x2a79</load_address>
         <run_address>0x2a79</run_address>
         <size>0x53</size>
         <input_file_ref idref="fl-5"/>
      </object_component>
      <object_component id="oc-111">
         <name>.debug_info</name>
         <load_address>0x2acc</load_address>
         <run_address>0x2acc</run_address>
         <size>0x14c</size>
         <input_file_ref idref="fl-5"/>
      </object_component>
      <object_component id="oc-1bc">
         <name>.debug_info</name>
         <load_address>0x2c18</load_address>
         <run_address>0x2c18</run_address>
         <size>0x37d</size>
         <input_file_ref idref="fl-6"/>
      </object_component>
      <object_component id="oc-e5">
         <name>.debug_info</name>
         <load_address>0x2f95</load_address>
         <run_address>0x2f95</run_address>
         <size>0x44d</size>
         <input_file_ref idref="fl-6"/>
      </object_component>
      <object_component id="oc-14d">
         <name>.debug_info</name>
         <load_address>0x33e2</load_address>
         <run_address>0x33e2</run_address>
         <size>0x63d</size>
         <input_file_ref idref="fl-7"/>
      </object_component>
      <object_component id="oc-14a">
         <name>.debug_info</name>
         <load_address>0x3a1f</load_address>
         <run_address>0x3a1f</run_address>
         <size>0xd0</size>
         <input_file_ref idref="fl-7"/>
      </object_component>
      <object_component id="oc-c3">
         <name>.debug_info</name>
         <load_address>0x3aef</load_address>
         <run_address>0x3aef</run_address>
         <size>0x3d6</size>
         <input_file_ref idref="fl-7"/>
      </object_component>
      <object_component id="oc-116">
         <name>.debug_info</name>
         <load_address>0x3ec5</load_address>
         <run_address>0x3ec5</run_address>
         <size>0x476</size>
         <input_file_ref idref="fl-7"/>
      </object_component>
      <object_component id="oc-1f5">
         <name>.debug_info</name>
         <load_address>0x433b</load_address>
         <run_address>0x433b</run_address>
         <size>0x4f</size>
         <input_file_ref idref="fl-7"/>
      </object_component>
      <object_component id="oc-1fa">
         <name>.debug_info</name>
         <load_address>0x438a</load_address>
         <run_address>0x438a</run_address>
         <size>0x2c</size>
         <input_file_ref idref="fl-7"/>
      </object_component>
      <object_component id="oc-107">
         <name>.debug_info</name>
         <load_address>0x43b6</load_address>
         <run_address>0x43b6</run_address>
         <size>0x53</size>
         <input_file_ref idref="fl-7"/>
      </object_component>
      <object_component id="oc-8a">
         <name>.debug_info</name>
         <load_address>0x4409</load_address>
         <run_address>0x4409</run_address>
         <size>0x44e</size>
         <input_file_ref idref="fl-8"/>
      </object_component>
      <object_component id="oc-7d">
         <name>.debug_info</name>
         <load_address>0x4857</load_address>
         <run_address>0x4857</run_address>
         <size>0x14a</size>
         <input_file_ref idref="fl-8"/>
      </object_component>
      <object_component id="oc-87">
         <name>.debug_info</name>
         <load_address>0x49a1</load_address>
         <run_address>0x49a1</run_address>
         <size>0x155</size>
         <input_file_ref idref="fl-8"/>
      </object_component>
      <object_component id="oc-34">
         <name>.debug_info</name>
         <load_address>0x4af6</load_address>
         <run_address>0x4af6</run_address>
         <size>0x635</size>
         <input_file_ref idref="fl-8"/>
      </object_component>
      <object_component id="oc-2e">
         <name>.debug_info</name>
         <load_address>0x512b</load_address>
         <run_address>0x512b</run_address>
         <size>0x237</size>
         <input_file_ref idref="fl-9"/>
      </object_component>
      <object_component id="oc-1d7">
         <name>.debug_info</name>
         <load_address>0x5362</load_address>
         <run_address>0x5362</run_address>
         <size>0x896</size>
         <input_file_ref idref="fl-a"/>
      </object_component>
      <object_component id="oc-138">
         <name>.debug_info</name>
         <load_address>0x5bf8</load_address>
         <run_address>0x5bf8</run_address>
         <size>0x3314</size>
         <input_file_ref idref="fl-a"/>
      </object_component>
      <object_component id="oc-22d">
         <name>.debug_info</name>
         <load_address>0x8f0c</load_address>
         <run_address>0x8f0c</run_address>
         <size>0x23f</size>
         <input_file_ref idref="fl-a"/>
      </object_component>
      <object_component id="oc-1da">
         <name>.debug_info</name>
         <load_address>0x914b</load_address>
         <run_address>0x914b</run_address>
         <size>0x46</size>
         <input_file_ref idref="fl-a"/>
      </object_component>
      <object_component id="oc-19f">
         <name>.debug_info</name>
         <load_address>0x9191</load_address>
         <run_address>0x9191</run_address>
         <size>0x35</size>
         <input_file_ref idref="fl-a"/>
      </object_component>
      <object_component id="oc-d6">
         <name>.debug_info</name>
         <load_address>0x91c6</load_address>
         <run_address>0x91c6</run_address>
         <size>0x7be</size>
         <input_file_ref idref="fl-b"/>
      </object_component>
      <object_component id="oc-7a">
         <name>.debug_info</name>
         <load_address>0x9984</load_address>
         <run_address>0x9984</run_address>
         <size>0x342</size>
         <input_file_ref idref="fl-b"/>
      </object_component>
      <object_component id="oc-eb">
         <name>.debug_info</name>
         <load_address>0x9cc6</load_address>
         <run_address>0x9cc6</run_address>
         <size>0xeb</size>
         <input_file_ref idref="fl-b"/>
      </object_component>
      <object_component id="oc-fd">
         <name>.debug_info</name>
         <load_address>0x9db1</load_address>
         <run_address>0x9db1</run_address>
         <size>0xeb</size>
         <input_file_ref idref="fl-b"/>
      </object_component>
      <object_component id="oc-100">
         <name>.debug_info</name>
         <load_address>0x9e9c</load_address>
         <run_address>0x9e9c</run_address>
         <size>0xeb</size>
         <input_file_ref idref="fl-b"/>
      </object_component>
      <object_component id="oc-f1">
         <name>.debug_info</name>
         <load_address>0x9f87</load_address>
         <run_address>0x9f87</run_address>
         <size>0x12e</size>
         <input_file_ref idref="fl-b"/>
      </object_component>
      <object_component id="oc-f7">
         <name>.debug_info</name>
         <load_address>0xa0b5</load_address>
         <run_address>0xa0b5</run_address>
         <size>0xeb</size>
         <input_file_ref idref="fl-b"/>
      </object_component>
      <object_component id="oc-ee">
         <name>.debug_info</name>
         <load_address>0xa1a0</load_address>
         <run_address>0xa1a0</run_address>
         <size>0xf9</size>
         <input_file_ref idref="fl-b"/>
      </object_component>
      <object_component id="oc-f4">
         <name>.debug_info</name>
         <load_address>0xa299</load_address>
         <run_address>0xa299</run_address>
         <size>0xed</size>
         <input_file_ref idref="fl-b"/>
      </object_component>
      <object_component id="oc-fa">
         <name>.debug_info</name>
         <load_address>0xa386</load_address>
         <run_address>0xa386</run_address>
         <size>0xec</size>
         <input_file_ref idref="fl-b"/>
      </object_component>
      <object_component id="oc-80">
         <name>.debug_info</name>
         <load_address>0xa472</load_address>
         <run_address>0xa472</run_address>
         <size>0x5410</size>
         <input_file_ref idref="fl-b"/>
      </object_component>
      <object_component id="oc-d7">
         <name>.debug_info</name>
         <load_address>0xf882</load_address>
         <run_address>0xf882</run_address>
         <size>0x30c</size>
         <input_file_ref idref="fl-b"/>
      </object_component>
      <object_component id="oc-195">
         <name>.debug_info</name>
         <load_address>0xfb8e</load_address>
         <run_address>0xfb8e</run_address>
         <size>0x4f</size>
         <input_file_ref idref="fl-b"/>
      </object_component>
      <object_component id="oc-1a4">
         <name>.debug_info</name>
         <load_address>0xfbdd</load_address>
         <run_address>0xfbdd</run_address>
         <size>0x15a</size>
         <input_file_ref idref="fl-b"/>
      </object_component>
      <object_component id="oc-3a">
         <name>.debug_info</name>
         <load_address>0xfd37</load_address>
         <run_address>0xfd37</run_address>
         <size>0x335</size>
         <input_file_ref idref="fl-c"/>
      </object_component>
      <object_component id="oc-13">
         <name>.debug_info</name>
         <load_address>0x1006c</load_address>
         <run_address>0x1006c</run_address>
         <size>0xf4</size>
         <input_file_ref idref="fl-c"/>
      </object_component>
      <object_component id="oc-2a">
         <name>.debug_info</name>
         <load_address>0x10160</load_address>
         <run_address>0x10160</run_address>
         <size>0x270</size>
         <input_file_ref idref="fl-c"/>
      </object_component>
      <object_component id="oc-1e6">
         <name>.debug_info</name>
         <load_address>0x103d0</load_address>
         <run_address>0x103d0</run_address>
         <size>0x14c</size>
         <input_file_ref idref="fl-c6"/>
      </object_component>
      <object_component id="oc-1ea">
         <name>.debug_info</name>
         <load_address>0x1051c</load_address>
         <run_address>0x1051c</run_address>
         <size>0x12e</size>
         <input_file_ref idref="fl-c7"/>
      </object_component>
      <object_component id="oc-1e2">
         <name>.debug_info</name>
         <load_address>0x1064a</load_address>
         <run_address>0x1064a</run_address>
         <size>0x12c</size>
         <input_file_ref idref="fl-c8"/>
      </object_component>
      <object_component id="oc-47">
         <name>.debug_info</name>
         <load_address>0x10776</load_address>
         <run_address>0x10776</run_address>
         <size>0x119</size>
         <input_file_ref idref="fl-c9"/>
      </object_component>
      <object_component id="oc-b7">
         <name>.debug_info</name>
         <load_address>0x1088f</load_address>
         <run_address>0x1088f</run_address>
         <size>0x147</size>
         <input_file_ref idref="fl-ca"/>
      </object_component>
      <object_component id="oc-b5">
         <name>.debug_info</name>
         <load_address>0x109d6</load_address>
         <run_address>0x109d6</run_address>
         <size>0x2d4</size>
         <input_file_ref idref="fl-cb"/>
      </object_component>
      <object_component id="oc-59">
         <name>.debug_info</name>
         <load_address>0x10caa</load_address>
         <run_address>0x10caa</run_address>
         <size>0x1b5</size>
         <input_file_ref idref="fl-cb"/>
      </object_component>
      <object_component id="oc-b0">
         <name>.debug_info</name>
         <load_address>0x10e5f</load_address>
         <run_address>0x10e5f</run_address>
         <size>0x46</size>
         <input_file_ref idref="fl-cb"/>
      </object_component>
      <object_component id="oc-128">
         <name>.debug_info</name>
         <load_address>0x10ea5</load_address>
         <run_address>0x10ea5</run_address>
         <size>0x2c</size>
         <input_file_ref idref="fl-cb"/>
      </object_component>
      <object_component id="oc-51">
         <name>.debug_info</name>
         <load_address>0x10ed1</load_address>
         <run_address>0x10ed1</run_address>
         <size>0x2a8</size>
         <input_file_ref idref="fl-cc"/>
      </object_component>
      <object_component id="oc-1f">
         <name>.debug_info</name>
         <load_address>0x11179</load_address>
         <run_address>0x11179</run_address>
         <size>0x1ea</size>
         <input_file_ref idref="fl-cc"/>
      </object_component>
      <object_component id="oc-4c">
         <name>.debug_info</name>
         <load_address>0x11363</load_address>
         <run_address>0x11363</run_address>
         <size>0x46</size>
         <input_file_ref idref="fl-cc"/>
      </object_component>
      <object_component id="oc-a8">
         <name>.debug_info</name>
         <load_address>0x113a9</load_address>
         <run_address>0x113a9</run_address>
         <size>0x2c</size>
         <input_file_ref idref="fl-cc"/>
      </object_component>
      <object_component id="oc-a6">
         <name>.debug_info</name>
         <load_address>0x113d5</load_address>
         <run_address>0x113d5</run_address>
         <size>0x29e</size>
         <input_file_ref idref="fl-cd"/>
      </object_component>
      <object_component id="oc-16">
         <name>.debug_info</name>
         <load_address>0x11673</load_address>
         <run_address>0x11673</run_address>
         <size>0x250</size>
         <input_file_ref idref="fl-cd"/>
      </object_component>
      <object_component id="oc-3c">
         <name>.debug_info</name>
         <load_address>0x118c3</load_address>
         <run_address>0x118c3</run_address>
         <size>0x60</size>
         <input_file_ref idref="fl-cd"/>
      </object_component>
      <object_component id="oc-121">
         <name>.debug_info</name>
         <load_address>0x11923</load_address>
         <run_address>0x11923</run_address>
         <size>0x46</size>
         <input_file_ref idref="fl-cd"/>
      </object_component>
      <object_component id="oc-a1">
         <name>.debug_info</name>
         <load_address>0x11969</load_address>
         <run_address>0x11969</run_address>
         <size>0x39</size>
         <input_file_ref idref="fl-cd"/>
      </object_component>
      <object_component id="oc-25">
         <name>.debug_info</name>
         <load_address>0x119a2</load_address>
         <run_address>0x119a2</run_address>
         <size>0x10b</size>
         <input_file_ref idref="fl-ce"/>
      </object_component>
      <object_component id="oc-65">
         <name>.debug_info</name>
         <load_address>0x11aad</load_address>
         <run_address>0x11aad</run_address>
         <size>0x1a9</size>
         <input_file_ref idref="fl-ce"/>
      </object_component>
      <object_component id="oc-20a">
         <name>.debug_info</name>
         <load_address>0x11c56</load_address>
         <run_address>0x11c56</run_address>
         <size>0x4b3</size>
         <input_file_ref idref="fl-cf"/>
      </object_component>
      <object_component id="oc-164">
         <name>.debug_info</name>
         <load_address>0x12109</load_address>
         <run_address>0x12109</run_address>
         <size>0x1a6</size>
         <input_file_ref idref="fl-cf"/>
      </object_component>
      <object_component id="oc-247">
         <name>.debug_info</name>
         <load_address>0x122af</load_address>
         <run_address>0x122af</run_address>
         <size>0x39</size>
         <input_file_ref idref="fl-cf"/>
      </object_component>
      <object_component id="oc-25b">
         <name>.debug_info</name>
         <load_address>0x122e8</load_address>
         <run_address>0x122e8</run_address>
         <size>0x39</size>
         <input_file_ref idref="fl-cf"/>
      </object_component>
      <object_component id="oc-24c">
         <name>.debug_info</name>
         <load_address>0x12321</load_address>
         <run_address>0x12321</run_address>
         <size>0x39</size>
         <input_file_ref idref="fl-cf"/>
      </object_component>
      <object_component id="oc-251">
         <name>.debug_info</name>
         <load_address>0x1235a</load_address>
         <run_address>0x1235a</run_address>
         <size>0xcd</size>
         <input_file_ref idref="fl-cf"/>
      </object_component>
      <object_component id="oc-bd">
         <name>.debug_info</name>
         <load_address>0x12427</load_address>
         <run_address>0x12427</run_address>
         <size>0x153</size>
         <input_file_ref idref="fl-d0"/>
      </object_component>
      <object_component id="oc-156">
         <name>.debug_info</name>
         <load_address>0x1257a</load_address>
         <run_address>0x1257a</run_address>
         <size>0x122</size>
         <input_file_ref idref="fl-d2"/>
      </object_component>
      <object_component id="oc-296">
         <name>.debug_info</name>
         <load_address>0x1269c</load_address>
         <run_address>0x1269c</run_address>
         <size>0xa7</size>
      </object_component>
      <object_component id="oc-22a">
         <name>.debug_line</name>
         <load_address>0x0</load_address>
         <run_address>0x0</run_address>
         <size>0x20</size>
         <input_file_ref idref="fl-2"/>
      </object_component>
      <object_component id="oc-135">
         <name>.debug_line</name>
         <load_address>0x20</load_address>
         <run_address>0x20</run_address>
         <size>0x185</size>
         <input_file_ref idref="fl-2"/>
      </object_component>
      <object_component id="oc-44">
         <name>.debug_line</name>
         <load_address>0x1a5</load_address>
         <run_address>0x1a5</run_address>
         <size>0x20</size>
         <input_file_ref idref="fl-2"/>
      </object_component>
      <object_component id="oc-153">
         <name>.debug_line</name>
         <load_address>0x1c5</load_address>
         <run_address>0x1c5</run_address>
         <size>0x2e</size>
         <input_file_ref idref="fl-2"/>
      </object_component>
      <object_component id="oc-148">
         <name>.debug_line</name>
         <load_address>0x1f3</load_address>
         <run_address>0x1f3</run_address>
         <size>0x50</size>
         <input_file_ref idref="fl-3"/>
      </object_component>
      <object_component id="oc-236">
         <name>.debug_line</name>
         <load_address>0x243</load_address>
         <run_address>0x243</run_address>
         <size>0x20</size>
         <input_file_ref idref="fl-4"/>
      </object_component>
      <object_component id="oc-13f">
         <name>.debug_line</name>
         <load_address>0x263</load_address>
         <run_address>0x263</run_address>
         <size>0x11c</size>
         <input_file_ref idref="fl-4"/>
      </object_component>
      <object_component id="oc-1ce">
         <name>.debug_line</name>
         <load_address>0x37f</load_address>
         <run_address>0x37f</run_address>
         <size>0x2d</size>
         <input_file_ref idref="fl-5"/>
      </object_component>
      <object_component id="oc-226">
         <name>.debug_line</name>
         <load_address>0x3ac</load_address>
         <run_address>0x3ac</run_address>
         <size>0x2f</size>
         <input_file_ref idref="fl-5"/>
      </object_component>
      <object_component id="oc-222">
         <name>.debug_line</name>
         <load_address>0x3db</load_address>
         <run_address>0x3db</run_address>
         <size>0x2f</size>
         <input_file_ref idref="fl-5"/>
      </object_component>
      <object_component id="oc-224">
         <name>.debug_line</name>
         <load_address>0x40a</load_address>
         <run_address>0x40a</run_address>
         <size>0x2f</size>
         <input_file_ref idref="fl-5"/>
      </object_component>
      <object_component id="oc-220">
         <name>.debug_line</name>
         <load_address>0x439</load_address>
         <run_address>0x439</run_address>
         <size>0x2f</size>
         <input_file_ref idref="fl-5"/>
      </object_component>
      <object_component id="oc-e2">
         <name>.debug_line</name>
         <load_address>0x468</load_address>
         <run_address>0x468</run_address>
         <size>0x106</size>
         <input_file_ref idref="fl-5"/>
      </object_component>
      <object_component id="oc-10f">
         <name>.debug_line</name>
         <load_address>0x56e</load_address>
         <run_address>0x56e</run_address>
         <size>0x2d</size>
         <input_file_ref idref="fl-5"/>
      </object_component>
      <object_component id="oc-19d">
         <name>.debug_line</name>
         <load_address>0x59b</load_address>
         <run_address>0x59b</run_address>
         <size>0x6b</size>
         <input_file_ref idref="fl-5"/>
      </object_component>
      <object_component id="oc-9f">
         <name>.debug_line</name>
         <load_address>0x606</load_address>
         <run_address>0x606</run_address>
         <size>0x6f</size>
         <input_file_ref idref="fl-5"/>
      </object_component>
      <object_component id="oc-1ac">
         <name>.debug_line</name>
         <load_address>0x675</load_address>
         <run_address>0x675</run_address>
         <size>0x31</size>
         <input_file_ref idref="fl-5"/>
      </object_component>
      <object_component id="oc-1d2">
         <name>.debug_line</name>
         <load_address>0x6a6</load_address>
         <run_address>0x6a6</run_address>
         <size>0x2f</size>
         <input_file_ref idref="fl-5"/>
      </object_component>
      <object_component id="oc-8e">
         <name>.debug_line</name>
         <load_address>0x6d5</load_address>
         <run_address>0x6d5</run_address>
         <size>0x31</size>
         <input_file_ref idref="fl-5"/>
      </object_component>
      <object_component id="oc-11f">
         <name>.debug_line</name>
         <load_address>0x706</load_address>
         <run_address>0x706</run_address>
         <size>0x73</size>
         <input_file_ref idref="fl-5"/>
      </object_component>
      <object_component id="oc-98">
         <name>.debug_line</name>
         <load_address>0x779</load_address>
         <run_address>0x779</run_address>
         <size>0x70</size>
         <input_file_ref idref="fl-5"/>
      </object_component>
      <object_component id="oc-93">
         <name>.debug_line</name>
         <load_address>0x7e9</load_address>
         <run_address>0x7e9</run_address>
         <size>0x32</size>
         <input_file_ref idref="fl-5"/>
      </object_component>
      <object_component id="oc-114">
         <name>.debug_line</name>
         <load_address>0x81b</load_address>
         <run_address>0x81b</run_address>
         <size>0x2d</size>
         <input_file_ref idref="fl-5"/>
      </object_component>
      <object_component id="oc-228">
         <name>.debug_line</name>
         <load_address>0x848</load_address>
         <run_address>0x848</run_address>
         <size>0x20</size>
         <input_file_ref idref="fl-6"/>
      </object_component>
      <object_component id="oc-e8">
         <name>.debug_line</name>
         <load_address>0x868</load_address>
         <run_address>0x868</run_address>
         <size>0xe0</size>
         <input_file_ref idref="fl-6"/>
      </object_component>
      <object_component id="oc-1f4">
         <name>.debug_line</name>
         <load_address>0x948</load_address>
         <run_address>0x948</run_address>
         <size>0x6d</size>
         <input_file_ref idref="fl-7"/>
      </object_component>
      <object_component id="oc-1f2">
         <name>.debug_line</name>
         <load_address>0x9b5</load_address>
         <run_address>0x9b5</run_address>
         <size>0x2d</size>
         <input_file_ref idref="fl-7"/>
      </object_component>
      <object_component id="oc-c7">
         <name>.debug_line</name>
         <load_address>0x9e2</load_address>
         <run_address>0x9e2</run_address>
         <size>0x9d</size>
         <input_file_ref idref="fl-7"/>
      </object_component>
      <object_component id="oc-119">
         <name>.debug_line</name>
         <load_address>0xa7f</load_address>
         <run_address>0xa7f</run_address>
         <size>0x31</size>
         <input_file_ref idref="fl-7"/>
      </object_component>
      <object_component id="oc-1f8">
         <name>.debug_line</name>
         <load_address>0xab0</load_address>
         <run_address>0xab0</run_address>
         <size>0x2e</size>
         <input_file_ref idref="fl-7"/>
      </object_component>
      <object_component id="oc-1fd">
         <name>.debug_line</name>
         <load_address>0xade</load_address>
         <run_address>0xade</run_address>
         <size>0x2f</size>
         <input_file_ref idref="fl-7"/>
      </object_component>
      <object_component id="oc-10a">
         <name>.debug_line</name>
         <load_address>0xb0d</load_address>
         <run_address>0xb0d</run_address>
         <size>0x6b</size>
         <input_file_ref idref="fl-7"/>
      </object_component>
      <object_component id="oc-106">
         <name>.debug_line</name>
         <load_address>0xb78</load_address>
         <run_address>0xb78</run_address>
         <size>0x3a</size>
         <input_file_ref idref="fl-8"/>
      </object_component>
      <object_component id="oc-dd">
         <name>.debug_line</name>
         <load_address>0xbb2</load_address>
         <run_address>0xbb2</run_address>
         <size>0x2d</size>
         <input_file_ref idref="fl-8"/>
      </object_component>
      <object_component id="oc-104">
         <name>.debug_line</name>
         <load_address>0xbdf</load_address>
         <run_address>0xbdf</run_address>
         <size>0x2d</size>
         <input_file_ref idref="fl-8"/>
      </object_component>
      <object_component id="oc-33">
         <name>.debug_line</name>
         <load_address>0xc0c</load_address>
         <run_address>0xc0c</run_address>
         <size>0x160</size>
         <input_file_ref idref="fl-8"/>
      </object_component>
      <object_component id="oc-31">
         <name>.debug_line</name>
         <load_address>0xd6c</load_address>
         <run_address>0xd6c</run_address>
         <size>0xc2</size>
         <input_file_ref idref="fl-9"/>
      </object_component>
      <object_component id="oc-22c">
         <name>.debug_line</name>
         <load_address>0xe2e</load_address>
         <run_address>0xe2e</run_address>
         <size>0x6b</size>
         <input_file_ref idref="fl-a"/>
      </object_component>
      <object_component id="oc-13b">
         <name>.debug_line</name>
         <load_address>0xe99</load_address>
         <run_address>0xe99</run_address>
         <size>0x86d</size>
         <input_file_ref idref="fl-a"/>
      </object_component>
      <object_component id="oc-230">
         <name>.debug_line</name>
         <load_address>0x1706</load_address>
         <run_address>0x1706</run_address>
         <size>0x2e</size>
         <input_file_ref idref="fl-a"/>
      </object_component>
      <object_component id="oc-1dd">
         <name>.debug_line</name>
         <load_address>0x1734</load_address>
         <run_address>0x1734</run_address>
         <size>0x2e</size>
         <input_file_ref idref="fl-a"/>
      </object_component>
      <object_component id="oc-1a2">
         <name>.debug_line</name>
         <load_address>0x1762</load_address>
         <run_address>0x1762</run_address>
         <size>0x74</size>
         <input_file_ref idref="fl-a"/>
      </object_component>
      <object_component id="oc-194">
         <name>.debug_line</name>
         <load_address>0x17d6</load_address>
         <run_address>0x17d6</run_address>
         <size>0x9b</size>
         <input_file_ref idref="fl-b"/>
      </object_component>
      <object_component id="oc-d5">
         <name>.debug_line</name>
         <load_address>0x1871</load_address>
         <run_address>0x1871</run_address>
         <size>0x2e</size>
         <input_file_ref idref="fl-b"/>
      </object_component>
      <object_component id="oc-1be">
         <name>.debug_line</name>
         <load_address>0x189f</load_address>
         <run_address>0x189f</run_address>
         <size>0x2e</size>
         <input_file_ref idref="fl-b"/>
      </object_component>
      <object_component id="oc-1ca">
         <name>.debug_line</name>
         <load_address>0x18cd</load_address>
         <run_address>0x18cd</run_address>
         <size>0x2e</size>
         <input_file_ref idref="fl-b"/>
      </object_component>
      <object_component id="oc-1cc">
         <name>.debug_line</name>
         <load_address>0x18fb</load_address>
         <run_address>0x18fb</run_address>
         <size>0x2e</size>
         <input_file_ref idref="fl-b"/>
      </object_component>
      <object_component id="oc-1c2">
         <name>.debug_line</name>
         <load_address>0x1929</load_address>
         <run_address>0x1929</run_address>
         <size>0x2e</size>
         <input_file_ref idref="fl-b"/>
      </object_component>
      <object_component id="oc-1c6">
         <name>.debug_line</name>
         <load_address>0x1957</load_address>
         <run_address>0x1957</run_address>
         <size>0x2e</size>
         <input_file_ref idref="fl-b"/>
      </object_component>
      <object_component id="oc-1c0">
         <name>.debug_line</name>
         <load_address>0x1985</load_address>
         <run_address>0x1985</run_address>
         <size>0x2e</size>
         <input_file_ref idref="fl-b"/>
      </object_component>
      <object_component id="oc-1c4">
         <name>.debug_line</name>
         <load_address>0x19b3</load_address>
         <run_address>0x19b3</run_address>
         <size>0x2e</size>
         <input_file_ref idref="fl-b"/>
      </object_component>
      <object_component id="oc-1c8">
         <name>.debug_line</name>
         <load_address>0x19e1</load_address>
         <run_address>0x19e1</run_address>
         <size>0x2e</size>
         <input_file_ref idref="fl-b"/>
      </object_component>
      <object_component id="oc-83">
         <name>.debug_line</name>
         <load_address>0x1a0f</load_address>
         <run_address>0x1a0f</run_address>
         <size>0xe12</size>
         <input_file_ref idref="fl-b"/>
      </object_component>
      <object_component id="oc-da">
         <name>.debug_line</name>
         <load_address>0x2821</load_address>
         <run_address>0x2821</run_address>
         <size>0x2d</size>
         <input_file_ref idref="fl-b"/>
      </object_component>
      <object_component id="oc-198">
         <name>.debug_line</name>
         <load_address>0x284e</load_address>
         <run_address>0x284e</run_address>
         <size>0x2f</size>
         <input_file_ref idref="fl-b"/>
      </object_component>
      <object_component id="oc-1a7">
         <name>.debug_line</name>
         <load_address>0x287d</load_address>
         <run_address>0x287d</run_address>
         <size>0x2e</size>
         <input_file_ref idref="fl-b"/>
      </object_component>
      <object_component id="oc-9b">
         <name>.debug_line</name>
         <load_address>0x28ab</load_address>
         <run_address>0x28ab</run_address>
         <size>0x41</size>
         <input_file_ref idref="fl-c"/>
      </object_component>
      <object_component id="oc-39">
         <name>.debug_line</name>
         <load_address>0x28ec</load_address>
         <run_address>0x28ec</run_address>
         <size>0x41</size>
         <input_file_ref idref="fl-c"/>
      </object_component>
      <object_component id="oc-28">
         <name>.debug_line</name>
         <load_address>0x292d</load_address>
         <run_address>0x292d</run_address>
         <size>0xa1</size>
         <input_file_ref idref="fl-c"/>
      </object_component>
      <object_component id="oc-1e8">
         <name>.debug_line</name>
         <load_address>0x29ce</load_address>
         <run_address>0x29ce</run_address>
         <size>0xd2</size>
         <input_file_ref idref="fl-c6"/>
      </object_component>
      <object_component id="oc-1ed">
         <name>.debug_line</name>
         <load_address>0x2aa0</load_address>
         <run_address>0x2aa0</run_address>
         <size>0x5a</size>
         <input_file_ref idref="fl-c7"/>
      </object_component>
      <object_component id="oc-1e1">
         <name>.debug_line</name>
         <load_address>0x2afa</load_address>
         <run_address>0x2afa</run_address>
         <size>0x57</size>
         <input_file_ref idref="fl-c8"/>
      </object_component>
      <object_component id="oc-4a">
         <name>.debug_line</name>
         <load_address>0x2b51</load_address>
         <run_address>0x2b51</run_address>
         <size>0x88</size>
         <input_file_ref idref="fl-c9"/>
      </object_component>
      <object_component id="oc-ba">
         <name>.debug_line</name>
         <load_address>0x2bd9</load_address>
         <run_address>0x2bd9</run_address>
         <size>0x79</size>
         <input_file_ref idref="fl-ca"/>
      </object_component>
      <object_component id="oc-12e">
         <name>.debug_line</name>
         <load_address>0x2c52</load_address>
         <run_address>0x2c52</run_address>
         <size>0x92</size>
         <input_file_ref idref="fl-cb"/>
      </object_component>
      <object_component id="oc-5d">
         <name>.debug_line</name>
         <load_address>0x2ce4</load_address>
         <run_address>0x2ce4</run_address>
         <size>0x53</size>
         <input_file_ref idref="fl-cb"/>
      </object_component>
      <object_component id="oc-b3">
         <name>.debug_line</name>
         <load_address>0x2d37</load_address>
         <run_address>0x2d37</run_address>
         <size>0x34</size>
         <input_file_ref idref="fl-cb"/>
      </object_component>
      <object_component id="oc-12b">
         <name>.debug_line</name>
         <load_address>0x2d6b</load_address>
         <run_address>0x2d6b</run_address>
         <size>0x92</size>
         <input_file_ref idref="fl-cb"/>
      </object_component>
      <object_component id="oc-ae">
         <name>.debug_line</name>
         <load_address>0x2dfd</load_address>
         <run_address>0x2dfd</run_address>
         <size>0x20</size>
         <input_file_ref idref="fl-cc"/>
      </object_component>
      <object_component id="oc-1d">
         <name>.debug_line</name>
         <load_address>0x2e1d</load_address>
         <run_address>0x2e1d</run_address>
         <size>0x55</size>
         <input_file_ref idref="fl-cc"/>
      </object_component>
      <object_component id="oc-4f">
         <name>.debug_line</name>
         <load_address>0x2e72</load_address>
         <run_address>0x2e72</run_address>
         <size>0x3a</size>
         <input_file_ref idref="fl-cc"/>
      </object_component>
      <object_component id="oc-ab">
         <name>.debug_line</name>
         <load_address>0x2eac</load_address>
         <run_address>0x2eac</run_address>
         <size>0x92</size>
         <input_file_ref idref="fl-cc"/>
      </object_component>
      <object_component id="oc-127">
         <name>.debug_line</name>
         <load_address>0x2f3e</load_address>
         <run_address>0x2f3e</run_address>
         <size>0x20</size>
         <input_file_ref idref="fl-cd"/>
      </object_component>
      <object_component id="oc-1a">
         <name>.debug_line</name>
         <load_address>0x2f5e</load_address>
         <run_address>0x2f5e</run_address>
         <size>0xa9</size>
         <input_file_ref idref="fl-cd"/>
      </object_component>
      <object_component id="oc-3f">
         <name>.debug_line</name>
         <load_address>0x3007</load_address>
         <run_address>0x3007</run_address>
         <size>0x3a</size>
         <input_file_ref idref="fl-cd"/>
      </object_component>
      <object_component id="oc-124">
         <name>.debug_line</name>
         <load_address>0x3041</load_address>
         <run_address>0x3041</run_address>
         <size>0x9a</size>
         <input_file_ref idref="fl-cd"/>
      </object_component>
      <object_component id="oc-a4">
         <name>.debug_line</name>
         <load_address>0x30db</load_address>
         <run_address>0x30db</run_address>
         <size>0x96</size>
         <input_file_ref idref="fl-cd"/>
      </object_component>
      <object_component id="oc-77">
         <name>.debug_line</name>
         <load_address>0x3171</load_address>
         <run_address>0x3171</run_address>
         <size>0x33</size>
         <input_file_ref idref="fl-ce"/>
      </object_component>
      <object_component id="oc-69">
         <name>.debug_line</name>
         <load_address>0x31a4</load_address>
         <run_address>0x31a4</run_address>
         <size>0x45</size>
         <input_file_ref idref="fl-ce"/>
      </object_component>
      <object_component id="oc-246">
         <name>.debug_line</name>
         <load_address>0x31e9</load_address>
         <run_address>0x31e9</run_address>
         <size>0xbf</size>
         <input_file_ref idref="fl-cf"/>
      </object_component>
      <object_component id="oc-163">
         <name>.debug_line</name>
         <load_address>0x32a8</load_address>
         <run_address>0x32a8</run_address>
         <size>0x6f</size>
         <input_file_ref idref="fl-cf"/>
      </object_component>
      <object_component id="oc-24a">
         <name>.debug_line</name>
         <load_address>0x3317</load_address>
         <run_address>0x3317</run_address>
         <size>0x2e</size>
         <input_file_ref idref="fl-cf"/>
      </object_component>
      <object_component id="oc-25e">
         <name>.debug_line</name>
         <load_address>0x3345</load_address>
         <run_address>0x3345</run_address>
         <size>0x9a</size>
         <input_file_ref idref="fl-cf"/>
      </object_component>
      <object_component id="oc-24f">
         <name>.debug_line</name>
         <load_address>0x33df</load_address>
         <run_address>0x33df</run_address>
         <size>0x97</size>
         <input_file_ref idref="fl-cf"/>
      </object_component>
      <object_component id="oc-254">
         <name>.debug_line</name>
         <load_address>0x3476</load_address>
         <run_address>0x3476</run_address>
         <size>0x93</size>
         <input_file_ref idref="fl-cf"/>
      </object_component>
      <object_component id="oc-c0">
         <name>.debug_line</name>
         <load_address>0x3509</load_address>
         <run_address>0x3509</run_address>
         <size>0x40</size>
         <input_file_ref idref="fl-d0"/>
      </object_component>
      <object_component id="oc-159">
         <name>.debug_line</name>
         <load_address>0x3549</load_address>
         <run_address>0x3549</run_address>
         <size>0x3c</size>
         <input_file_ref idref="fl-d2"/>
      </object_component>
      <object_component id="oc-136">
         <name>.debug_frame</name>
         <load_address>0x0</load_address>
         <run_address>0x0</run_address>
         <size>0xa4</size>
         <input_file_ref idref="fl-2"/>
      </object_component>
      <object_component id="oc-147">
         <name>.debug_frame</name>
         <load_address>0xa4</load_address>
         <run_address>0xa4</run_address>
         <size>0x54</size>
         <input_file_ref idref="fl-3"/>
      </object_component>
      <object_component id="oc-13e">
         <name>.debug_frame</name>
         <load_address>0xf8</load_address>
         <run_address>0xf8</run_address>
         <size>0xe0</size>
         <input_file_ref idref="fl-4"/>
      </object_component>
      <object_component id="oc-e3">
         <name>.debug_frame</name>
         <load_address>0x1d8</load_address>
         <run_address>0x1d8</run_address>
         <size>0xbc</size>
         <input_file_ref idref="fl-5"/>
      </object_component>
      <object_component id="oc-e9">
         <name>.debug_frame</name>
         <load_address>0x294</load_address>
         <run_address>0x294</run_address>
         <size>0xb8</size>
         <input_file_ref idref="fl-6"/>
      </object_component>
      <object_component id="oc-c6">
         <name>.debug_frame</name>
         <load_address>0x34c</load_address>
         <run_address>0x34c</run_address>
         <size>0x94</size>
         <input_file_ref idref="fl-7"/>
      </object_component>
      <object_component id="oc-37">
         <name>.debug_frame</name>
         <load_address>0x3e0</load_address>
         <run_address>0x3e0</run_address>
         <size>0x110</size>
         <input_file_ref idref="fl-8"/>
      </object_component>
      <object_component id="oc-13c">
         <name>.debug_frame</name>
         <load_address>0x4f0</load_address>
         <run_address>0x4f0</run_address>
         <size>0x3f4</size>
         <input_file_ref idref="fl-a"/>
      </object_component>
      <object_component id="oc-84">
         <name>.debug_frame</name>
         <load_address>0x8e4</load_address>
         <run_address>0x8e4</run_address>
         <size>0x728</size>
         <input_file_ref idref="fl-b"/>
      </object_component>
      <object_component id="oc-2c">
         <name>.debug_frame</name>
         <load_address>0x100c</load_address>
         <run_address>0x100c</run_address>
         <size>0x90</size>
         <input_file_ref idref="fl-c"/>
      </object_component>
      <object_component id="oc-5c">
         <name>.debug_frame</name>
         <load_address>0x109c</load_address>
         <run_address>0x109c</run_address>
         <size>0x54</size>
         <input_file_ref idref="fl-cb"/>
      </object_component>
      <object_component id="oc-1e">
         <name>.debug_frame</name>
         <load_address>0x10f0</load_address>
         <run_address>0x10f0</run_address>
         <size>0x54</size>
         <input_file_ref idref="fl-cc"/>
      </object_component>
      <object_component id="oc-19">
         <name>.debug_frame</name>
         <load_address>0x1144</load_address>
         <run_address>0x1144</run_address>
         <size>0x60</size>
         <input_file_ref idref="fl-cd"/>
      </object_component>
      <object_component id="oc-68">
         <name>.debug_frame</name>
         <load_address>0x11a4</load_address>
         <run_address>0x11a4</run_address>
         <size>0x50</size>
         <input_file_ref idref="fl-ce"/>
      </object_component>
      <object_component id="oc-162">
         <name>.debug_frame</name>
         <load_address>0x11f4</load_address>
         <run_address>0x11f4</run_address>
         <size>0x5c</size>
         <input_file_ref idref="fl-cf"/>
      </object_component>
      <object_component id="oc-c1">
         <name>.debug_frame</name>
         <load_address>0x1250</load_address>
         <run_address>0x1250</run_address>
         <size>0x54</size>
         <input_file_ref idref="fl-d0"/>
      </object_component>
      <object_component id="oc-15a">
         <name>.debug_frame</name>
         <load_address>0x12a4</load_address>
         <run_address>0x12a4</run_address>
         <size>0x54</size>
         <input_file_ref idref="fl-d2"/>
      </object_component>
      <object_component id="oc-229">
         <name>.debug_abbrev</name>
         <load_address>0x0</load_address>
         <run_address>0x0</run_address>
         <size>0x2e</size>
         <input_file_ref idref="fl-2"/>
      </object_component>
      <object_component id="oc-1d4">
         <name>.debug_abbrev</name>
         <load_address>0x2e</load_address>
         <run_address>0x2e</run_address>
         <size>0x6c</size>
         <input_file_ref idref="fl-2"/>
      </object_component>
      <object_component id="oc-43">
         <name>.debug_abbrev</name>
         <load_address>0x9a</load_address>
         <run_address>0x9a</run_address>
         <size>0x1f</size>
         <input_file_ref idref="fl-2"/>
      </object_component>
      <object_component id="oc-152">
         <name>.debug_abbrev</name>
         <load_address>0xb9</load_address>
         <run_address>0xb9</run_address>
         <size>0x24</size>
         <input_file_ref idref="fl-2"/>
      </object_component>
      <object_component id="oc-1f0">
         <name>.debug_abbrev</name>
         <load_address>0xdd</load_address>
         <run_address>0xdd</run_address>
         <size>0x50</size>
         <input_file_ref idref="fl-3"/>
      </object_component>
      <object_component id="oc-235">
         <name>.debug_abbrev</name>
         <load_address>0x12d</load_address>
         <run_address>0x12d</run_address>
         <size>0x4b</size>
         <input_file_ref idref="fl-4"/>
      </object_component>
      <object_component id="oc-1ee">
         <name>.debug_abbrev</name>
         <load_address>0x178</load_address>
         <run_address>0x178</run_address>
         <size>0xa9</size>
         <input_file_ref idref="fl-4"/>
      </object_component>
      <object_component id="oc-1cd">
         <name>.debug_abbrev</name>
         <load_address>0x221</load_address>
         <run_address>0x221</run_address>
         <size>0xbf</size>
         <input_file_ref idref="fl-5"/>
      </object_component>
      <object_component id="oc-225">
         <name>.debug_abbrev</name>
         <load_address>0x2e0</load_address>
         <run_address>0x2e0</run_address>
         <size>0x27</size>
         <input_file_ref idref="fl-5"/>
      </object_component>
      <object_component id="oc-221">
         <name>.debug_abbrev</name>
         <load_address>0x307</load_address>
         <run_address>0x307</run_address>
         <size>0x27</size>
         <input_file_ref idref="fl-5"/>
      </object_component>
      <object_component id="oc-223">
         <name>.debug_abbrev</name>
         <load_address>0x32e</load_address>
         <run_address>0x32e</run_address>
         <size>0x27</size>
         <input_file_ref idref="fl-5"/>
      </object_component>
      <object_component id="oc-21f">
         <name>.debug_abbrev</name>
         <load_address>0x355</load_address>
         <run_address>0x355</run_address>
         <size>0x27</size>
         <input_file_ref idref="fl-5"/>
      </object_component>
      <object_component id="oc-1ba">
         <name>.debug_abbrev</name>
         <load_address>0x37c</load_address>
         <run_address>0x37c</run_address>
         <size>0x10c</size>
         <input_file_ref idref="fl-5"/>
      </object_component>
      <object_component id="oc-10e">
         <name>.debug_abbrev</name>
         <load_address>0x488</load_address>
         <run_address>0x488</run_address>
         <size>0x9f</size>
         <input_file_ref idref="fl-5"/>
      </object_component>
      <object_component id="oc-19c">
         <name>.debug_abbrev</name>
         <load_address>0x527</load_address>
         <run_address>0x527</run_address>
         <size>0x5a</size>
         <input_file_ref idref="fl-5"/>
      </object_component>
      <object_component id="oc-9e">
         <name>.debug_abbrev</name>
         <load_address>0x581</load_address>
         <run_address>0x581</run_address>
         <size>0x69</size>
         <input_file_ref idref="fl-5"/>
      </object_component>
      <object_component id="oc-1ab">
         <name>.debug_abbrev</name>
         <load_address>0x5ea</load_address>
         <run_address>0x5ea</run_address>
         <size>0x70</size>
         <input_file_ref idref="fl-5"/>
      </object_component>
      <object_component id="oc-1d1">
         <name>.debug_abbrev</name>
         <load_address>0x65a</load_address>
         <run_address>0x65a</run_address>
         <size>0x4b</size>
         <input_file_ref idref="fl-5"/>
      </object_component>
      <object_component id="oc-8d">
         <name>.debug_abbrev</name>
         <load_address>0x6a5</load_address>
         <run_address>0x6a5</run_address>
         <size>0x24</size>
         <input_file_ref idref="fl-5"/>
      </object_component>
      <object_component id="oc-11e">
         <name>.debug_abbrev</name>
         <load_address>0x6c9</load_address>
         <run_address>0x6c9</run_address>
         <size>0x5c</size>
         <input_file_ref idref="fl-5"/>
      </object_component>
      <object_component id="oc-97">
         <name>.debug_abbrev</name>
         <load_address>0x725</load_address>
         <run_address>0x725</run_address>
         <size>0x24</size>
         <input_file_ref idref="fl-5"/>
      </object_component>
      <object_component id="oc-92">
         <name>.debug_abbrev</name>
         <load_address>0x749</load_address>
         <run_address>0x749</run_address>
         <size>0x24</size>
         <input_file_ref idref="fl-5"/>
      </object_component>
      <object_component id="oc-113">
         <name>.debug_abbrev</name>
         <load_address>0x76d</load_address>
         <run_address>0x76d</run_address>
         <size>0x61</size>
         <input_file_ref idref="fl-5"/>
      </object_component>
      <object_component id="oc-227">
         <name>.debug_abbrev</name>
         <load_address>0x7ce</load_address>
         <run_address>0x7ce</run_address>
         <size>0x88</size>
         <input_file_ref idref="fl-6"/>
      </object_component>
      <object_component id="oc-1bb">
         <name>.debug_abbrev</name>
         <load_address>0x856</load_address>
         <run_address>0x856</run_address>
         <size>0x9b</size>
         <input_file_ref idref="fl-6"/>
      </object_component>
      <object_component id="oc-1f3">
         <name>.debug_abbrev</name>
         <load_address>0x8f1</load_address>
         <run_address>0x8f1</run_address>
         <size>0xf4</size>
         <input_file_ref idref="fl-7"/>
      </object_component>
      <object_component id="oc-1f1">
         <name>.debug_abbrev</name>
         <load_address>0x9e5</load_address>
         <run_address>0x9e5</run_address>
         <size>0x29</size>
         <input_file_ref idref="fl-7"/>
      </object_component>
      <object_component id="oc-14f">
         <name>.debug_abbrev</name>
         <load_address>0xa0e</load_address>
         <run_address>0xa0e</run_address>
         <size>0xa9</size>
         <input_file_ref idref="fl-7"/>
      </object_component>
      <object_component id="oc-118">
         <name>.debug_abbrev</name>
         <load_address>0xab7</load_address>
         <run_address>0xab7</run_address>
         <size>0x70</size>
         <input_file_ref idref="fl-7"/>
      </object_component>
      <object_component id="oc-1f7">
         <name>.debug_abbrev</name>
         <load_address>0xb27</load_address>
         <run_address>0xb27</run_address>
         <size>0x33</size>
         <input_file_ref idref="fl-7"/>
      </object_component>
      <object_component id="oc-1fc">
         <name>.debug_abbrev</name>
         <load_address>0xb5a</load_address>
         <run_address>0xb5a</run_address>
         <size>0x24</size>
         <input_file_ref idref="fl-7"/>
      </object_component>
      <object_component id="oc-109">
         <name>.debug_abbrev</name>
         <load_address>0xb7e</load_address>
         <run_address>0xb7e</run_address>
         <size>0x24</size>
         <input_file_ref idref="fl-7"/>
      </object_component>
      <object_component id="oc-105">
         <name>.debug_abbrev</name>
         <load_address>0xba2</load_address>
         <run_address>0xba2</run_address>
         <size>0xb2</size>
         <input_file_ref idref="fl-8"/>
      </object_component>
      <object_component id="oc-dc">
         <name>.debug_abbrev</name>
         <load_address>0xc54</load_address>
         <run_address>0xc54</run_address>
         <size>0x3d</size>
         <input_file_ref idref="fl-8"/>
      </object_component>
      <object_component id="oc-103">
         <name>.debug_abbrev</name>
         <load_address>0xc91</load_address>
         <run_address>0xc91</run_address>
         <size>0x27</size>
         <input_file_ref idref="fl-8"/>
      </object_component>
      <object_component id="oc-89">
         <name>.debug_abbrev</name>
         <load_address>0xcb8</load_address>
         <run_address>0xcb8</run_address>
         <size>0x10c</size>
         <input_file_ref idref="fl-8"/>
      </object_component>
      <object_component id="oc-85">
         <name>.debug_abbrev</name>
         <load_address>0xdc4</load_address>
         <run_address>0xdc4</run_address>
         <size>0x75</size>
         <input_file_ref idref="fl-9"/>
      </object_component>
      <object_component id="oc-22b">
         <name>.debug_abbrev</name>
         <load_address>0xe39</load_address>
         <run_address>0xe39</run_address>
         <size>0x13f</size>
         <input_file_ref idref="fl-a"/>
      </object_component>
      <object_component id="oc-1d9">
         <name>.debug_abbrev</name>
         <load_address>0xf78</load_address>
         <run_address>0xf78</run_address>
         <size>0x10c</size>
         <input_file_ref idref="fl-a"/>
      </object_component>
      <object_component id="oc-22f">
         <name>.debug_abbrev</name>
         <load_address>0x1084</load_address>
         <run_address>0x1084</run_address>
         <size>0x70</size>
         <input_file_ref idref="fl-a"/>
      </object_component>
      <object_component id="oc-1dc">
         <name>.debug_abbrev</name>
         <load_address>0x10f4</load_address>
         <run_address>0x10f4</run_address>
         <size>0x24</size>
         <input_file_ref idref="fl-a"/>
      </object_component>
      <object_component id="oc-1a1">
         <name>.debug_abbrev</name>
         <load_address>0x1118</load_address>
         <run_address>0x1118</run_address>
         <size>0x33</size>
         <input_file_ref idref="fl-a"/>
      </object_component>
      <object_component id="oc-193">
         <name>.debug_abbrev</name>
         <load_address>0x114b</load_address>
         <run_address>0x114b</run_address>
         <size>0x11c</size>
         <input_file_ref idref="fl-b"/>
      </object_component>
      <object_component id="oc-d4">
         <name>.debug_abbrev</name>
         <load_address>0x1267</load_address>
         <run_address>0x1267</run_address>
         <size>0x3d</size>
         <input_file_ref idref="fl-b"/>
      </object_component>
      <object_component id="oc-1bd">
         <name>.debug_abbrev</name>
         <load_address>0x12a4</load_address>
         <run_address>0x12a4</run_address>
         <size>0x27</size>
         <input_file_ref idref="fl-b"/>
      </object_component>
      <object_component id="oc-1c9">
         <name>.debug_abbrev</name>
         <load_address>0x12cb</load_address>
         <run_address>0x12cb</run_address>
         <size>0x27</size>
         <input_file_ref idref="fl-b"/>
      </object_component>
      <object_component id="oc-1cb">
         <name>.debug_abbrev</name>
         <load_address>0x12f2</load_address>
         <run_address>0x12f2</run_address>
         <size>0x27</size>
         <input_file_ref idref="fl-b"/>
      </object_component>
      <object_component id="oc-1c1">
         <name>.debug_abbrev</name>
         <load_address>0x1319</load_address>
         <run_address>0x1319</run_address>
         <size>0x27</size>
         <input_file_ref idref="fl-b"/>
      </object_component>
      <object_component id="oc-1c5">
         <name>.debug_abbrev</name>
         <load_address>0x1340</load_address>
         <run_address>0x1340</run_address>
         <size>0x27</size>
         <input_file_ref idref="fl-b"/>
      </object_component>
      <object_component id="oc-1bf">
         <name>.debug_abbrev</name>
         <load_address>0x1367</load_address>
         <run_address>0x1367</run_address>
         <size>0x27</size>
         <input_file_ref idref="fl-b"/>
      </object_component>
      <object_component id="oc-1c3">
         <name>.debug_abbrev</name>
         <load_address>0x138e</load_address>
         <run_address>0x138e</run_address>
         <size>0x27</size>
         <input_file_ref idref="fl-b"/>
      </object_component>
      <object_component id="oc-1c7">
         <name>.debug_abbrev</name>
         <load_address>0x13b5</load_address>
         <run_address>0x13b5</run_address>
         <size>0x29</size>
         <input_file_ref idref="fl-b"/>
      </object_component>
      <object_component id="oc-102">
         <name>.debug_abbrev</name>
         <load_address>0x13de</load_address>
         <run_address>0x13de</run_address>
         <size>0x10c</size>
[...]
         <name>ulMaxSyscallInterruptPriority</name>
         <value>0x4664</value>
         <object_component_ref idref="oc-7c"/>
      </symbol>
      <symbol id="sm-1e8">
         <name>vPortSetupTimerInterrupt</name>
         <value>0x3de5</value>
         <object_component_ref idref="oc-32"/>
      </symbol>
      <symbol id="sm-1e9">
         <name>vPortEndScheduler</name>
         <value>0x3d87</value>
         <object_component_ref idref="oc-32"/>
      </symbol>
      <symbol id="sm-1ea">
         <name>xPortSysTickHandler</name>
         <value>0x3dbf</value>
         <object_component_ref idref="oc-32"/>
      </symbol>
      <symbol id="sm-1eb">
         <name>vPortValidateInterruptPriority</name>
         <value>0x3dff</value>
         <object_component_ref idref="oc-32"/>
      </symbol>
      <symbol id="sm-1ec">
         <name>pxPortInitialiseStack</name>
         <value>0x3c89</value>
         <object_component_ref idref="oc-32"/>
      </symbol>
      <symbol id="sm-1ed">
         <name>vPortExitCritical</name>
         <value>0x3da9</value>
         <object_component_ref idref="oc-32"/>
      </symbol>
      <symbol id="sm-1ee">
         <name>xPortStartScheduler</name>
         <value>0x3cf3</value>
         <object_component_ref idref="oc-32"/>
      </symbol>
      <symbol id="sm-1ef">
         <name>vPortEnterCritical</name>
         <value>0x3d89</value>
         <object_component_ref idref="oc-32"/>
      </symbol>
      <symbol id="sm-1fe">
         <name>vPortStartFirstTask</name>
         <value>0x430d</value>
         <object_component_ref idref="oc-2d"/>
      </symbol>
      <symbol id="sm-1ff">
         <name>ulPortGetIPSR</name>
         <value>0x4275</value>
         <object_component_ref idref="oc-2d"/>
      </symbol>
      <symbol id="sm-200">
         <name>vPortEnableVFP</name>
         <value>0x4331</value>
         <object_component_ref idref="oc-2d"/>
      </symbol>
      <symbol id="sm-201">
         <name>xPortPendSVHandler</name>
         <value>0x428d</value>
         <object_component_ref idref="oc-2d"/>
      </symbol>
      <symbol id="sm-202">
         <name>vPortSVCHandler</name>
         <value>0x42ed</value>
         <object_component_ref idref="oc-2d"/>
      </symbol>
      <symbol id="sm-2d2">
         <name>xQueueRegistry</name>
         <value>0x20004e84</value>
      </symbol>
      <symbol id="sm-2d3">
         <name>xQueuePeekFromISR</name>
         <value>0x2f73</value>
         <object_component_ref idref="oc-137"/>
      </symbol>
      <symbol id="sm-2d4">
         <name>xQueueIsQueueEmptyFromISR</name>
         <value>0x3245</value>
         <object_component_ref idref="oc-137"/>
      </symbol>
      <symbol id="sm-2d5">
         <name>xQueueGenericSendFromISR</name>
         <value>0x29eb</value>
         <object_component_ref idref="oc-137"/>
      </symbol>
      <symbol id="sm-2d6">
         <name>uxQueueMessagesWaiting</name>
         <value>0x2fc9</value>
         <object_component_ref idref="oc-137"/>
      </symbol>
      <symbol id="sm-2d7">
         <name>vQueueAddToRegistry</name>
         <value>0x32b1</value>
         <object_component_ref idref="oc-137"/>
      </symbol>
      <symbol id="sm-2d8">
         <name>xQueueIsQueueFullFromISR</name>
         <value>0x328b</value>
         <object_component_ref idref="oc-137"/>
      </symbol>
      <symbol id="sm-2d9">
         <name>xQueueGenericCreate</name>
         <value>0x26fb</value>
         <object_component_ref idref="oc-137"/>
      </symbol>
      <symbol id="sm-2da">
         <name>xQueueCreateMutex</name>
         <value>0x27d5</value>
         <object_component_ref idref="oc-137"/>
      </symbol>
      <symbol id="sm-2db">
         <name>vQueueSetQueueNumber</name>
         <value>0x3039</value>
         <object_component_ref idref="oc-137"/>
      </symbol>
      <symbol id="sm-2dc">
         <name>xQueueGenericSend</name>
         <value>0x28b5</value>
         <object_component_ref idref="oc-137"/>
      </symbol>
      <symbol id="sm-2dd">
         <name>xQueueGenericReset</name>
         <value>0x2629</value>
         <object_component_ref idref="oc-137"/>
      </symbol>
      <symbol id="sm-2de">
         <name>xQueueReceiveFromISR</name>
         <value>0x2ed5</value>
         <object_component_ref idref="oc-137"/>
      </symbol>
      <symbol id="sm-2df">
         <name>uxQueueSpacesAvailable</name>
         <value>0x2fdf</value>
         <object_component_ref idref="oc-137"/>
      </symbol>
      <symbol id="sm-2e0">
         <name>xQueueGiveMutexRecursive</name>
         <value>0x2801</value>
         <object_component_ref idref="oc-137"/>
      </symbol>
      <symbol id="sm-2e1">
         <name>xQueueSemaphoreTake</name>
         <value>0x2c4d</value>
         <object_component_ref idref="oc-137"/>
      </symbol>
      <symbol id="sm-2e2">
         <name>vQueueUnregisterQueue</name>
         <value>0x335f</value>
         <object_component_ref idref="oc-137"/>
      </symbol>
      <symbol id="sm-2e3">
         <name>xQueueGiveFromISR</name>
         <value>0x2a91</value>
         <object_component_ref idref="oc-137"/>
      </symbol>
      <symbol id="sm-2e4">
         <name>uxQueueMessagesWaitingFromISR</name>
         <value>0x2fff</value>
         <object_component_ref idref="oc-137"/>
      </symbol>
      <symbol id="sm-2e5">
         <name>uxQueueGetQueueNumber</name>
         <value>0x302b</value>
         <object_component_ref idref="oc-137"/>
      </symbol>
      <symbol id="sm-2e6">
         <name>xQueueTakeMutexRecursive</name>
         <value>0x283d</value>
         <object_component_ref idref="oc-137"/>
      </symbol>
      <symbol id="sm-2e7">
         <name>xQueueCreateCountingSemaphore</name>
         <value>0x2885</value>
         <object_component_ref idref="oc-137"/>
      </symbol>
      <symbol id="sm-2e8">
         <name>vQueueDelete</name>
         <value>0x3015</value>
         <object_component_ref idref="oc-137"/>
      </symbol>
      <symbol id="sm-2e9">
         <name>xQueuePeek</name>
         <value>0x2dad</value>
         <object_component_ref idref="oc-137"/>
      </symbol>
      <symbol id="sm-2ea">
         <name>xQueueReceive</name>
         <value>0x2b29</value>
         <object_component_ref idref="oc-137"/>
      </symbol>
      <symbol id="sm-2eb">
         <name>pcQueueGetName</name>
         <value>0x331f</value>
         <object_component_ref idref="oc-137"/>
      </symbol>
      <symbol id="sm-2ec">
         <name>ucQueueGetQueueType</name>
         <value>0x304b</value>
         <object_component_ref idref="oc-137"/>
      </symbol>
      <symbol id="sm-541">
         <name>vTaskDelay</name>
         <value>0x60b</value>
         <object_component_ref idref="oc-7f"/>
      </symbol>
      <symbol id="sm-542">
         <name>vTaskSuspendAll</name>
         <value>0xc05</value>
         <object_component_ref idref="oc-7f"/>
      </symbol>
      <symbol id="sm-543">
         <name>vTaskPlaceOnEventList</name>
         <value>0x13d9</value>
         <object_component_ref idref="oc-7f"/>
      </symbol>
      <symbol id="sm-544">
         <name>vTaskSetTaskNumber</name>
         <value>0x17f9</value>
         <object_component_ref idref="oc-7f"/>
      </symbol>
      <symbol id="sm-545">
         <name>uxTaskPriorityGetFromISR</name>
         <value>0x749</value>
         <object_component_ref idref="oc-7f"/>
      </symbol>
      <symbol id="sm-546">
         <name>pcTaskGetName</name>
         <value>0xe21</value>
         <object_component_ref idref="oc-7f"/>
      </symbol>
      <symbol id="sm-547">
         <name>xTaskCheckForTimeOut</name>
         <value>0x1721</value>
         <object_component_ref idref="oc-7f"/>
      </symbol>
      <symbol id="sm-548">
         <name>vTaskGenericNotifyGiveFromISR</name>
         <value>0x2329</value>
         <object_component_ref idref="oc-7f"/>
      </symbol>
      <symbol id="sm-549">
         <name>vTaskRemoveFromUnorderedEventList</name>
         <value>0x15c9</value>
         <object_component_ref idref="oc-7f"/>
      </symbol>
      <symbol id="sm-54a">
         <name>vTaskPrioritySet</name>
         <value>0x795</value>
         <object_component_ref idref="oc-7f"/>
      </symbol>
      <symbol id="sm-54b">
         <name>xTaskPriorityDisinherit</name>
         <value>0x1c39</value>
         <object_component_ref idref="oc-7f"/>
      </symbol>
      <symbol id="sm-54c">
         <name>xTaskAbortDelay</name>
         <value>0x10a9</value>
         <object_component_ref idref="oc-7f"/>
      </symbol>
      <symbol id="sm-54d">
         <name>vTaskStartScheduler</name>
         <value>0xb9f</value>
         <object_component_ref idref="oc-7f"/>
      </symbol>
      <symbol id="sm-54e">
         <name>vTaskInternalSetTimeOutState</name>
         <value>0x1703</value>
         <object_component_ref idref="oc-7f"/>
      </symbol>
      <symbol id="sm-54f">
         <name>pvTaskIncrementMutexHeldCount</name>
         <value>0x1e27</value>
         <object_component_ref idref="oc-7f"/>
      </symbol>
      <symbol id="sm-550">
         <name>uxTaskGetStackHighWaterMark</name>
         <value>0x1a6d</value>
         <object_component_ref idref="oc-7f"/>
      </symbol>
      <symbol id="sm-551">
         <name>xTaskGenericNotifyStateClear</name>
         <value>0x2491</value>
         <object_component_ref idref="oc-7f"/>
      </symbol>
      <symbol id="sm-552">
         <name>xTaskGenericNotify</name>
         <value>0x1fbd</value>
         <object_component_ref idref="oc-7f"/>
      </symbol>
      <symbol id="sm-553">
         <name>vTaskPriorityDisinheritAfterTimeout</name>
         <value>0x1d0d</value>
         <object_component_ref idref="oc-7f"/>
      </symbol>
      <symbol id="sm-554">
         <name>xTaskCreate</name>
         <value>0x26d</value>
         <object_component_ref idref="oc-7f"/>
      </symbol>
      <symbol id="sm-555">
         <name>xTaskDelayUntil</name>
         <value>0x55d</value>
         <object_component_ref idref="oc-7f"/>
      </symbol>
      <symbol id="sm-556">
         <name>uxTaskGetTaskNumber</name>
         <value>0x17d9</value>
         <object_component_ref idref="oc-7f"/>
      </symbol>
      <symbol id="sm-557">
         <name>vTaskEndScheduler</name>
         <value>0xbe9</value>
         <object_component_ref idref="oc-7f"/>
      </symbol>
      <symbol id="sm-558">
         <name>vTaskMissedYield</name>
         <value>0x17cd</value>
         <object_component_ref idref="oc-7f"/>
      </symbol>
      <symbol id="sm-559">
         <name>uxTaskGetNumberOfTasks</name>
         <value>0xe15</value>
         <object_component_ref idref="oc-7f"/>
      </symbol>
      <symbol id="sm-55a">
         <name>xTaskCatchUpTicks</name>
         <value>0x1089</value>
         <object_component_ref idref="oc-7f"/>
      </symbol>
      <symbol id="sm-55b">
         <name>xTaskGenericNotifyFromISR</name>
         <value>0x2145</value>
         <object_component_ref idref="oc-7f"/>
      </symbol>
      <symbol id="sm-55c">
         <name>vTaskGetInfo</name>
         <value>0x18dd</value>
         <object_component_ref idref="oc-7f"/>
      </symbol>
      <symbol id="sm-55d">
         <name>uxTaskPriorityGet</name>
         <value>0x721</value>
         <object_component_ref idref="oc-7f"/>
      </symbol>
      <symbol id="sm-55e">
         <name>xTaskResumeAll</name>
         <value>0xc21</value>
         <object_component_ref idref="oc-7f"/>
      </symbol>
      <symbol id="sm-55f">
         <name>xTaskGetHandle</name>
         <value>0xf2d</value>
         <object_component_ref idref="oc-7f"/>
      </symbol>
      <symbol id="sm-560">
         <name>xTaskGetTickCount</name>
         <value>0xdc1</value>
         <object_component_ref idref="oc-7f"/>
      </symbol>
      <symbol id="sm-561">
         <name>ulTaskGenericNotifyTake</name>
         <value>0x1e4d</value>
         <object_component_ref idref="oc-7f"/>
      </symbol>
      <symbol id="sm-562">
         <name>uxTaskGetSystemState</name>
         <value>0xfb1</value>
         <object_component_ref idref="oc-7f"/>
      </symbol>
      <symbol id="sm-563">
         <name>vTaskDelete</name>
         <value>0x4c7</value>
         <object_component_ref idref="oc-7f"/>
      </symbol>
      <symbol id="sm-564">
         <name>ulTaskGenericNotifyValueClear</name>
         <value>0x24db</value>
         <object_component_ref idref="oc-7f"/>
      </symbol>
      <symbol id="sm-565">
         <name>xTaskGenericNotifyWait</name>
         <value>0x1ef3</value>
         <object_component_ref idref="oc-7f"/>
      </symbol>
      <symbol id="sm-566">
         <name>pxCurrentTCB</name>
         <value>0x20005158</value>
         <object_component_ref idref="oc-79"/>
      </symbol>
      <symbol id="sm-567">
         <name>eTaskGetState</name>
         <value>0x65d</value>
         <object_component_ref idref="oc-7f"/>
      </symbol>
      <symbol id="sm-568">
         <name>vTaskSuspend</name>
         <value>0x8e5</value>
         <object_component_ref idref="oc-7f"/>
      </symbol>
      <symbol id="sm-569">
         <name>xTaskGetIdleTaskHandle</name>
         <value>0x1083</value>
         <object_component_ref idref="oc-7f"/>
      </symbol>
      <symbol id="sm-56a">
         <name>xTaskGetTickCountFromISR</name>
         <value>0xde1</value>
         <object_component_ref idref="oc-7f"/>
      </symbol>
      <symbol id="sm-56b">
         <name>vTaskResume</name>
         <value>0x9f7</value>
         <object_component_ref idref="oc-7f"/>
      </symbol>
      <symbol id="sm-56c">
         <name>uxTopUsedPriority</name>
         <value>0x466c</value>
         <object_component_ref idref="oc-f9"/>
      </symbol>
      <symbol id="sm-56d">
         <name>vTaskSetTimeOutState</name>
         <value>0x16e5</value>
         <object_component_ref idref="oc-7f"/>
      </symbol>
      <symbol id="sm-56e">
         <name>xTaskIncrementTick</name>
         <value>0x1189</value>
         <object_component_ref idref="oc-7f"/>
      </symbol>
      <symbol id="sm-56f">
         <name>vTaskSwitchContext</name>
         <value>0x1355</value>
         <object_component_ref idref="oc-7f"/>
      </symbol>
      <symbol id="sm-570">
         <name>uxTaskResetEventItemValue</name>
         <value>0x1e01</value>
         <object_component_ref idref="oc-7f"/>
      </symbol>
      <symbol id="sm-571">
         <name>xTaskGetSchedulerState</name>
         <value>0x1af9</value>
         <object_component_ref idref="oc-7f"/>
      </symbol>
      <symbol id="sm-572">
         <name>xTaskResumeFromISR</name>
         <value>0xac5</value>
         <object_component_ref idref="oc-7f"/>
      </symbol>
      <symbol id="sm-573">
         <name>xTaskGetCurrentTaskHandle</name>
         <value>0x1ad9</value>
         <object_component_ref idref="oc-7f"/>
      </symbol>
      <symbol id="sm-574">
         <name>vTaskPlaceOnUnorderedEventList</name>
         <value>0x1409</value>
         <object_component_ref idref="oc-7f"/>
      </symbol>
      <symbol id="sm-575">
         <name>xTaskRemoveFromEventList</name>
         <value>0x1475</value>
         <object_component_ref idref="oc-7f"/>
      </symbol>
      <symbol id="sm-576">
         <name>xTaskPriorityInherit</name>
         <value>0x1b39</value>
         <object_component_ref idref="oc-7f"/>
      </symbol>
      <symbol id="sm-592">
         <name>ResetISR</name>
         <value>0x464f</value>
         <object_component_ref idref="oc-27"/>
      </symbol>
      <symbol id="sm-593">
         <name>g_pfnVectors</name>
         <value>0x0</value>
         <object_component_ref idref="oc-12"/>
      </symbol>
      <symbol id="sm-5aa">
         <name>__aeabi_dsub</name>
         <value>0x3e51</value>
         <object_component_ref idref="oc-1e4"/>
      </symbol>
      <symbol id="sm-5ab">
         <name>__aeabi_dadd</name>
         <value>0x3e5b</value>
         <object_component_ref idref="oc-1e4"/>
      </symbol>
      <symbol id="sm-5b5">
         <name>__aeabi_d2iz</name>
         <value>0x453b</value>
         <object_component_ref idref="oc-1e9"/>
      </symbol>
      <symbol id="sm-5c0">
         <name>__aeabi_f2d</name>
         <value>0x45c9</value>
         <object_component_ref idref="oc-1df"/>
      </symbol>
      <symbol id="sm-5db">
         <name>memcpy</name>
         <value>0x433f</value>
         <object_component_ref idref="oc-46"/>
      </symbol>
      <symbol id="sm-5dc">
         <name>__aeabi_memcpy</name>
         <value>0x433f</value>
         <object_component_ref idref="oc-46"/>
      </symbol>
      <symbol id="sm-5dd">
         <name>__aeabi_memcpy8</name>
         <value>0x433f</value>
         <object_component_ref idref="oc-46"/>
      </symbol>
      <symbol id="sm-5de">
         <name>__aeabi_memcpy4</name>
         <value>0x433f</value>
         <object_component_ref idref="oc-46"/>
      </symbol>
      <symbol id="sm-5ed">
         <name>__aeabi_memset</name>
         <value>0x445b</value>
         <object_component_ref idref="oc-b6"/>
      </symbol>
      <symbol id="sm-5ee">
         <name>memset</name>
         <value>0x4461</value>
         <object_component_ref idref="oc-b6"/>
      </symbol>
      <symbol id="sm-5ef">
         <name>__aeabi_memset8</name>
         <value>0x445b</value>
         <object_component_ref idref="oc-b6"/>
      </symbol>
      <symbol id="sm-5f0">
         <name>__aeabi_memset4</name>
         <value>0x445b</value>
         <object_component_ref idref="oc-b6"/>
      </symbol>
      <symbol id="sm-5f1">
         <name>__aeabi_memclr8</name>
         <value>0x4459</value>
         <object_component_ref idref="oc-b6"/>
      </symbol>
      <symbol id="sm-5f2">
         <name>__aeabi_memclr4</name>
         <value>0x4459</value>
         <object_component_ref idref="oc-b6"/>
      </symbol>
      <symbol id="sm-5f3">
         <name>__aeabi_memclr</name>
         <value>0x4459</value>
         <object_component_ref idref="oc-b6"/>
      </symbol>
      <symbol id="sm-60a">
         <name>__TI_zero_init</name>
         <value>0x4643</value>
         <object_component_ref idref="oc-58"/>
      </symbol>
      <symbol id="sm-621">
         <name>__TI_decompress_none</name>
         <value>0x4635</value>
         <object_component_ref idref="oc-1b"/>
      </symbol>
      <symbol id="sm-644">
         <name>__TI_decompress_lzss</name>
         <value>0x44d3</value>
         <object_component_ref idref="oc-15"/>
      </symbol>
      <symbol id="sm-657">
         <name>__stack</name>
         <value>0x20004f58</value>
         <object_component_ref idref="oc-24"/>
      </symbol>
      <symbol id="sm-658">
         <name>_c_int00_noargs</name>
         <value>0x4601</value>
         <object_component_ref idref="oc-64"/>
      </symbol>
      <symbol id="sm-680">
         <name>__TI_auto_init_nobinit_nopinit</name>
         <value>0x4585</value>
         <object_component_ref idref="oc-161"/>
      </symbol>
      <symbol id="sm-68a">
         <name>_system_pre_init</name>
         <value>0x465b</value>
         <object_component_ref idref="oc-bc"/>
      </symbol>
      <symbol id="sm-696">
         <name>C$$EXIT</name>
         <value>0x465f</value>
         <object_component_ref idref="oc-155"/>
      </symbol>
      <symbol id="sm-697">
         <name>abort</name>
         <value>0x465f</value>
         <object_component_ref idref="oc-155"/>
      </symbol>
      <symbol id="sm-69a">
         <name>__TI_static_base__</name>
         <value>0x0</value>
      </symbol>
      <symbol id="sm-69d">
         <name>__mpu_init</name>
         <value>0x0</value>
      </symbol>
      <symbol id="sm-69e">
         <name>_system_post_cinit</name>
         <value>0x0</value>
      </symbol>
   </symbol_table>
   <title>Link successful</title>
</link_info>
