******************************************************************************
                  TI ARM Linker PC v20.2.5                     
******************************************************************************
>> Linked Thu Jan  6 23:23:05 2022

OUTPUT FILE NAME:   <FreeRTOS_Lab1.out>
ENTRY POINT SYMBOL: "_c_int00_noargs"  address: 000033e5


MEMORY CONFIGURATION

         name            origin    length      used     unused   attr    fill
----------------------  --------  ---------  --------  --------  ----  --------
  FLASH                 00000000   00040000  00003492  0003cb6e  R  X
  SRAM                  20000000   00008000  00005148  00002eb8  RW X


SEGMENT ALLOCATION MAP

run origin  load origin   length   init length attrs members
----------  ----------- ---------- ----------- ----- -------
00000000    00000000    00003498   00003498    r-x
  00000000    00000000    0000026c   0000026c    r-- .intvecs
  0000026c    0000026c    000031da   000031da    r-x .text
  00003448    00003448    0000000c   0000000c    r-- .const
  00003458    00003458    00000040   00000040    r-- .cinit
20000000    20000000    00005148   00000000    rw-
  20000000    20000000    00004f00   00000000    rw- .bss
  20004f00    20004f00    00000200   00000000    rw- .stack
  20005100    20005100    00000048   00000000    rw- .data


SECTION ALLOCATION MAP

 output                                  attributes/
section   page    origin      length       input sections
--------  ----  ----------  ----------   ----------------
.intvecs   0    00000000    0000026c     
                  00000000    0000026c     tm4c123gh6pm_startup_ccs.obj (.intvecs)

.text      0    0000026c    000031da     
                  0000026c    000023bc     tasks.obj (.text)
                  00002628    000004f0     DIO.obj (.text)
                  00002b18    000001d8     heap_2.obj (.text)
                  00002cf0    000001c8     port.obj (.text)
                  00002eb8    00000132     list.obj (.text)
                  00002fea    00000002     --HOLE-- [fill = 0]
                  00002fec    000000dc     main.obj (.text)
                  000030c8    000000da     portasm.obj (.text)
                  000031a2    0000009c     rtsv7M4_T_le_v4SPD16_eabi.lib : memcpy_t2.asm.obj (.text)
                  0000323e    00000002     --HOLE-- [fill = 0]
                  00003240    0000007c     PLL.obj (.text)
                  000032bc    0000007a     rtsv7M4_T_le_v4SPD16_eabi.lib : memset_t2.asm.obj (.text)
                  00003336    00000068                                   : copy_decompress_lzss.c.obj (.text:decompress:lzss:__TI_decompress_lzss)
                  0000339e    00000002     --HOLE-- [fill = 0]
                  000033a0    00000044                                   : autoinit.c.obj (.text:__TI_auto_init_nobinit_nopinit:__TI_auto_init_nobinit_nopinit)
                  000033e4    00000034                                   : boot_cortex_m.c.obj (.text:_c_int00_noargs:_c_int00_noargs)
                  00003418    0000000e                                   : copy_decompress_none.c.obj (.text:decompress:none:__TI_decompress_none)
                  00003426    0000000c                                   : copy_zero_init.c.obj (.text:decompress:ZI:__TI_zero_init)
                  00003432    0000000c     tm4c123gh6pm_startup_ccs.obj (.text)
                  0000343e    00000004     rtsv7M4_T_le_v4SPD16_eabi.lib : pre_init.c.obj (.text:_system_pre_init)
                  00003442    00000004                                   : exit.c.obj (.text:abort:abort)

.const     0    00003448    0000000c     
                  00003448    00000008     port.obj (.const)
                  00003450    00000004     tasks.obj (.const)

.cinit     0    00003458    00000040     
                  00003458    0000001b     (.cinit..data.load) [load image, compression = lzss]
                  00003473    00000001     --HOLE-- [fill = 0]
                  00003474    0000000c     (__TI_handler_table)
                  00003480    00000008     (.cinit..bss.load) [load image, compression = zero_init]
                  00003488    00000010     (__TI_cinit_table)

.init_array 
*          0    00000000    00000000     UNINITIALIZED

.bss       0    20000000    00004f00     UNINITIALIZED
                  20000000    00004e20     heap_2.obj (.bss:ucHeap)
                  20004e20    00000064     tasks.obj (.bss:pxReadyTasksLists)
                  20004e84    00000014     tasks.obj (.bss:xDelayedTaskList1)
                  20004e98    00000014     tasks.obj (.bss:xDelayedTaskList2)
                  20004eac    00000014     tasks.obj (.bss:xPendingReadyList)
                  20004ec0    00000014     tasks.obj (.bss:xSuspendedTaskList)
                  20004ed4    00000014     tasks.obj (.bss:xTasksWaitingTermination)
                  20004ee8    00000008     tasks.obj (.bss)
                  20004ef0    00000008     heap_2.obj (.bss:xEnd)
                  20004ef8    00000008     heap_2.obj (.bss:xStart)

.data      0    20005100    00000048     UNINITIALIZED
                  20005100    00000034     tasks.obj (.data)
                  20005134    0000000c     port.obj (.data)
                  20005140    00000008     heap_2.obj (.data)

.stack     0    20004f00    00000200     UNINITIALIZED
                  20004f00    00000004     rtsv7M4_T_le_v4SPD16_eabi.lib : boot_cortex_m.c.obj (.stack)
                  20004f04    000001fc     --HOLE--

__llvm_prf_cnts 
*          0    20000000    00000000     UNINITIALIZED

MODULE SUMMARY

       Module                         code    ro data   rw data
       ------                         ----    -------   -------
    .\
       heap_2.obj                     472     0         20024  
       tasks.obj                      9148    4         260    
       DIO.obj                        1264    0         0      
       tm4c123gh6pm_startup_ccs.obj   12      620       0      
       port.obj                       456     8         12     
       list.obj                       306     0         0      
       main.obj                       220     0         0      
       portasm.obj                    218     0         0      
       PLL.obj                        124     0         0      
    +--+------------------------------+-------+---------+---------+
       Total:                         12220   632       20296  
                                                               
    C:\ti\ccs1110\ccs\tools\compiler\ti-cgt-arm_20.2.5.LTS\lib\rtsv7M4_T_le_v4SPD16_eabi.lib
       memcpy_t2.asm.obj              156     0         0      
       memset_t2.asm.obj              122     0         0      
       copy_decompress_lzss.c.obj     104     0         0      
       autoinit.c.obj                 68      0         0      
       boot_cortex_m.c.obj            52      0         0      
       copy_decompress_none.c.obj     14      0         0      
       copy_zero_init.c.obj           12      0         0      
       exit.c.obj                     4       0         0      
       pre_init.c.obj                 4       0         0      
    +--+------------------------------+-------+---------+---------+
       Total:                         536     0         0      
                                                               
       Stack:                         0       0         512    
       Linker Generated:              0       63        0      
    +--+------------------------------+-------+---------+---------+
       Grand Total:                   12756   695       20808  


LINKER GENERATED COPY TABLES

__TI_cinit_table @ 00003488 records: 2, size/record: 8, table size: 16
	.data: load addr=00003458, load size=0000001b bytes, run addr=20005100, run size=00000048 bytes, compression=lzss
	.bss: load addr=00003480, load size=00000008 bytes, run addr=20000000, run size=00004f00 bytes, compression=zero_init


LINKER GENERATED HANDLER TABLE

__TI_handler_table @ 00003474 records: 3, size/record: 4, table size: 12
	index: 0, handler: __TI_decompress_lzss
	index: 1, handler: __TI_decompress_none
	index: 2, handler: __TI_zero_init


GLOBAL SYMBOLS: SORTED ALPHABETICALLY BY Name 

address   name                               
-------   ----                               
00003443  C$$EXIT                            
00002a0d  DIO_PortDirection                  
00002629  DIO_PortInit                       
00002843  DIO_PortRead                       
000028e1  DIO_PortWrite                      
00002fed  LED1                               
00003013  LED2                               
00003241  PLL_Set80                          
00003433  ResetISR                           
20005100  __STACK_END                        
00000200  __STACK_SIZE                       
20005100  __STACK_TOP                        
00003488  __TI_CINIT_Base                    
00003498  __TI_CINIT_Limit                   
00003474  __TI_Handler_Table_Base            
00003480  __TI_Handler_Table_Limit           
000033a1  __TI_auto_init_nobinit_nopinit     
00003337  __TI_decompress_lzss               
00003419  __TI_decompress_none               
ffffffff  __TI_pprof_out_hndl                
ffffffff  __TI_prof_data_size                
ffffffff  __TI_prof_data_start               
00000000  __TI_static_base__                 
00003427  __TI_zero_init                     
000032bd  __aeabi_memclr                     
000032bd  __aeabi_memclr4                    
000032bd  __aeabi_memclr8                    
000031a3  __aeabi_memcpy                     
000031a3  __aeabi_memcpy4                    
000031a3  __aeabi_memcpy8                    
000032bf  __aeabi_memset                     
000032bf  __aeabi_memset4                    
000032bf  __aeabi_memset8                    
ffffffff  __binit__                          
ffffffff  __c_args__                         
UNDEFED   __mpu_init                         
20004f00  __stack                            
20000000  __start___llvm_prf_cnts            
20000000  __stop___llvm_prf_cnts             
000033e5  _c_int00_noargs                    
UNDEFED   _system_post_cinit                 
0000343f  _system_pre_init                   
00003443  abort                              
ffffffff  binit                              
0000065d  eTaskGetState                      
00000000  g_pfnVectors                       
00003049  main                               
000031a3  memcpy                             
000032c5  memset                             
00000e21  pcTaskGetName                      
00002b19  pvPortMalloc                       
00001e27  pvTaskIncrementMutexHeldCount      
20005100  pxCurrentTCB                       
00002cf1  pxPortInitialiseStack              
00003448  ulMaxSyscallInterruptPriority      
000030d9  ulPortGetIPSR                      
00001e4d  ulTaskGenericNotifyTake            
000024db  ulTaskGenericNotifyValueClear      
00002fa3  uxListRemove                       
00000e15  uxTaskGetNumberOfTasks             
00001a6d  uxTaskGetStackHighWaterMark        
00000fb1  uxTaskGetSystemState               
000017d9  uxTaskGetTaskNumber                
00000721  uxTaskPriorityGet                  
00000749  uxTaskPriorityGetFromISR           
00001e01  uxTaskResetEventItemValue          
00003450  uxTopUsedPriority                  
00002eb9  vListInitialise                    
00002ee9  vListInitialiseItem                
00002f35  vListInsert                        
00002ef9  vListInsertEnd                     
00003195  vPortEnableVFP                     
00002def  vPortEndScheduler                  
00002df1  vPortEnterCritical                 
00002e11  vPortExitCritical                  
00002c31  vPortFree                          
00002c95  vPortInitialiseBlocks              
00003151  vPortSVCHandler                    
00002e4d  vPortSetupTimerInterrupt           
00003171  vPortStartFirstTask                
00002e67  vPortValidateInterruptPriority     
0000060b  vTaskDelay                         
000004c7  vTaskDelete                        
00000be9  vTaskEndScheduler                  
00002329  vTaskGenericNotifyGiveFromISR      
000018dd  vTaskGetInfo                       
00001703  vTaskInternalSetTimeOutState       
000017cd  vTaskMissedYield                   
000013d9  vTaskPlaceOnEventList              
00001409  vTaskPlaceOnUnorderedEventList     
00001d0d  vTaskPriorityDisinheritAfterTimeout
00000795  vTaskPrioritySet                   
000015c9  vTaskRemoveFromUnorderedEventList  
000009f7  vTaskResume                        
000017f9  vTaskSetTaskNumber                 
000016e5  vTaskSetTimeOutState               
00000b9f  vTaskStartScheduler                
000008e5  vTaskSuspend                       
00000c05  vTaskSuspendAll                    
00001355  vTaskSwitchContext                 
00002c8f  xPortGetFreeHeapSize               
000030f1  xPortPendSVHandler                 
00002d5b  xPortStartScheduler                
00002e27  xPortSysTickHandler                
000010a9  xTaskAbortDelay                    
00001089  xTaskCatchUpTicks                  
00001721  xTaskCheckForTimeOut               
0000026d  xTaskCreate                        
0000055d  xTaskDelayUntil                    
00001fbd  xTaskGenericNotify                 
00002145  xTaskGenericNotifyFromISR          
00002491  xTaskGenericNotifyStateClear       
00001ef3  xTaskGenericNotifyWait             
00001ad9  xTaskGetCurrentTaskHandle          
00000f2d  xTaskGetHandle                     
00001083  xTaskGetIdleTaskHandle             
00001af9  xTaskGetSchedulerState             
00000dc1  xTaskGetTickCount                  
00000de1  xTaskGetTickCountFromISR           
00001189  xTaskIncrementTick                 
00001c39  xTaskPriorityDisinherit            
00001b39  xTaskPriorityInherit               
00001475  xTaskRemoveFromEventList           
00000c21  xTaskResumeAll                     
00000ac5  xTaskResumeFromISR                 


GLOBAL SYMBOLS: SORTED BY Symbol Address 

address   name                               
-------   ----                               
00000000  __TI_static_base__                 
00000000  g_pfnVectors                       
00000200  __STACK_SIZE                       
0000026d  xTaskCreate                        
000004c7  vTaskDelete                        
0000055d  xTaskDelayUntil                    
0000060b  vTaskDelay                         
0000065d  eTaskGetState                      
00000721  uxTaskPriorityGet                  
00000749  uxTaskPriorityGetFromISR           
00000795  vTaskPrioritySet                   
000008e5  vTaskSuspend                       
000009f7  vTaskResume                        
00000ac5  xTaskResumeFromISR                 
00000b9f  vTaskStartScheduler                
00000be9  vTaskEndScheduler                  
00000c05  vTaskSuspendAll                    
00000c21  xTaskResumeAll                     
00000dc1  xTaskGetTickCount                  
00000de1  xTaskGetTickCountFromISR           
00000e15  uxTaskGetNumberOfTasks             
00000e21  pcTaskGetName                      
00000f2d  xTaskGetHandle                     
00000fb1  uxTaskGetSystemState               
00001083  xTaskGetIdleTaskHandle             
00001089  xTaskCatchUpTicks                  
000010a9  xTaskAbortDelay                    
00001189  xTaskIncrementTick                 
00001355  vTaskSwitchContext                 
000013d9  vTaskPlaceOnEventList              
00001409  vTaskPlaceOnUnorderedEventList     
00001475  xTaskRemoveFromEventList           
000015c9  vTaskRemoveFromUnorderedEventList  
000016e5  vTaskSetTimeOutState               
00001703  vTaskInternalSetTimeOutState       
00001721  xTaskCheckForTimeOut               
000017cd  vTaskMissedYield                   
000017d9  uxTaskGetTaskNumber                
000017f9  vTaskSetTaskNumber                 
000018dd  vTaskGetInfo                       
00001a6d  uxTaskGetStackHighWaterMark        
00001ad9  xTaskGetCurrentTaskHandle          
00001af9  xTaskGetSchedulerState             
00001b39  xTaskPriorityInherit               
00001c39  xTaskPriorityDisinherit            
00001d0d  vTaskPriorityDisinheritAfterTimeout
00001e01  uxTaskResetEventItemValue          
00001e27  pvTaskIncrementMutexHeldCount      
00001e4d  ulTaskGenericNotifyTake            
00001ef3  xTaskGenericNotifyWait             
00001fbd  xTaskGenericNotify                 
00002145  xTaskGenericNotifyFromISR          
00002329  vTaskGenericNotifyGiveFromISR      
00002491  xTaskGenericNotifyStateClear       
000024db  ulTaskGenericNotifyValueClear      
00002629  DIO_PortInit                       
00002843  DIO_PortRead                       
000028e1  DIO_PortWrite                      
00002a0d  DIO_PortDirection                  
00002b19  pvPortMalloc                       
00002c31  vPortFree                          
00002c8f  xPortGetFreeHeapSize               
00002c95  vPortInitialiseBlocks              
00002cf1  pxPortInitialiseStack              
00002d5b  xPortStartScheduler                
00002def  vPortEndScheduler                  
00002df1  vPortEnterCritical                 
00002e11  vPortExitCritical                  
00002e27  xPortSysTickHandler                
00002e4d  vPortSetupTimerInterrupt           
00002e67  vPortValidateInterruptPriority     
00002eb9  vListInitialise                    
00002ee9  vListInitialiseItem                
00002ef9  vListInsertEnd                     
00002f35  vListInsert                        
00002fa3  uxListRemove                       
00002fed  LED1                               
00003013  LED2                               
00003049  main                               
000030d9  ulPortGetIPSR                      
000030f1  xPortPendSVHandler                 
00003151  vPortSVCHandler                    
00003171  vPortStartFirstTask                
00003195  vPortEnableVFP                     
000031a3  __aeabi_memcpy                     
000031a3  __aeabi_memcpy4                    
000031a3  __aeabi_memcpy8                    
000031a3  memcpy                             
00003241  PLL_Set80                          
000032bd  __aeabi_memclr                     
000032bd  __aeabi_memclr4                    
000032bd  __aeabi_memclr8                    
000032bf  __aeabi_memset                     
000032bf  __aeabi_memset4                    
000032bf  __aeabi_memset8                    
000032c5  memset                             
00003337  __TI_decompress_lzss               
000033a1  __TI_auto_init_nobinit_nopinit     
000033e5  _c_int00_noargs                    
00003419  __TI_decompress_none               
00003427  __TI_zero_init                     
00003433  ResetISR                           
0000343f  _system_pre_init                   
00003443  C$$EXIT                            
00003443  abort                              
00003448  ulMaxSyscallInterruptPriority      
00003450  uxTopUsedPriority                  
00003474  __TI_Handler_Table_Base            
00003480  __TI_Handler_Table_Limit           
00003488  __TI_CINIT_Base                    
00003498  __TI_CINIT_Limit                   
20000000  __start___llvm_prf_cnts            
20000000  __stop___llvm_prf_cnts             
20004f00  __stack                            
20005100  __STACK_END                        
20005100  __STACK_TOP                        
20005100  pxCurrentTCB                       
ffffffff  __TI_pprof_out_hndl                
ffffffff  __TI_prof_data_size                
ffffffff  __TI_prof_data_start               
ffffffff  __binit__                          
ffffffff  __c_args__                         
ffffffff  binit                              
UNDEFED   __mpu_init                         
UNDEFED   _system_post_cinit                 

[125 symbols]
