******************************************************************************
                  TI ARM Linker PC v20.2.5                     
******************************************************************************
>> Linked Mon Jan 10 03:51:26 2022

OUTPUT FILE NAME:   <FreeRTOS_Lab3.out>
ENTRY POINT SYMBOL: "_c_int00_noargs"  address: 00003845


MEMORY CONFIGURATION

         name            origin    length      used     unused   attr    fill
----------------------  --------  ---------  --------  --------  ----  --------
  FLASH                 00000000   00040000  000038f2  0003c70e  R  X
  SRAM                  20000000   00008000  00005150  00002eb0  RW X


SEGMENT ALLOCATION MAP

run origin  load origin   length   init length attrs members
----------  ----------- ---------- ----------- ----- -------
00000000    00000000    000038f8   000038f8    r-x
  00000000    00000000    0000026c   0000026c    r-- .intvecs
  0000026c    0000026c    0000363a   0000363a    r-x .text
  000038a8    000038a8    0000000c   0000000c    r-- .const
  000038b8    000038b8    00000040   00000040    r-- .cinit
20000000    20000000    00005150   00000000    rw-
  20000000    20000000    00004f00   00000000    rw- .bss
  20004f00    20004f00    00000200   00000000    rw- .stack
  20005100    20005100    00000050   00000000    rw- .data


SECTION ALLOCATION MAP

 output                                  attributes/
section   page    origin      length       input sections
--------  ----  ----------  ----------   ----------------
.intvecs   0    00000000    0000026c     
                  00000000    0000026c     tm4c123gh6pm_startup_ccs.obj (.intvecs)

.text      0    0000026c    0000363a     
                  0000026c    000023bc     tasks.obj (.text)
                  00002628    000004f0     DIO.obj (.text)
                  00002b18    00000214     UART.obj (.text)
                  00002d2c    000001d8     heap_2.obj (.text)
                  00002f04    000001c8     port.obj (.text)
                  000030cc    000001b6     rtsv7M4_T_le_v4SPD16_eabi.lib : fd_add_t2.asm.obj (.text)
                  00003282    00000132     list.obj (.text)
                  000033b4    000000f4     main.obj (.text)
                  000034a8    000000da     portasm.obj (.text)
                  00003582    0000009c     rtsv7M4_T_le_v4SPD16_eabi.lib : memcpy_t2.asm.obj (.text)
                  0000361e    00000002     --HOLE-- [fill = 0]
                  00003620    0000007c     PLL.obj (.text)
                  0000369c    0000007a     rtsv7M4_T_le_v4SPD16_eabi.lib : memset_t2.asm.obj (.text)
                  00003716    00000068                                   : copy_decompress_lzss.c.obj (.text:decompress:lzss:__TI_decompress_lzss)
                  0000377e    00000048                                   : fd_toi_t2.asm.obj (.text)
                  000037c6    00000002     --HOLE-- [fill = 0]
                  000037c8    00000044                                   : autoinit.c.obj (.text:__TI_auto_init_nobinit_nopinit:__TI_auto_init_nobinit_nopinit)
                  0000380c    00000038                                   : fs_tod_t2.asm.obj (.text)
                  00003844    00000034                                   : boot_cortex_m.c.obj (.text:_c_int00_noargs:_c_int00_noargs)
                  00003878    0000000e                                   : copy_decompress_none.c.obj (.text:decompress:none:__TI_decompress_none)
                  00003886    0000000c                                   : copy_zero_init.c.obj (.text:decompress:ZI:__TI_zero_init)
                  00003892    0000000c     tm4c123gh6pm_startup_ccs.obj (.text)
                  0000389e    00000004     rtsv7M4_T_le_v4SPD16_eabi.lib : pre_init.c.obj (.text:_system_pre_init)
                  000038a2    00000004                                   : exit.c.obj (.text:abort:abort)

.const     0    000038a8    0000000c     
                  000038a8    00000008     port.obj (.const)
                  000038b0    00000004     tasks.obj (.const)

.cinit     0    000038b8    00000040     
                  000038b8    0000001b     (.cinit..data.load) [load image, compression = lzss]
                  000038d3    00000001     --HOLE-- [fill = 0]
                  000038d4    0000000c     (__TI_handler_table)
                  000038e0    00000008     (.cinit..bss.load) [load image, compression = zero_init]
                  000038e8    00000010     (__TI_cinit_table)

.init_array 
*          0    00000000    00000000     UNINITIALIZED

.bss       0    20000000    00004f00     UNINITIALIZED
                  20000000    00004e20     heap_2.obj (.bss:ucHeap)
                  20004e20    00000064     tasks.obj (.bss:pxReadyTasksLists)
                  20004e84    00000014     tasks.obj (.bss:xDelayedTaskList1)
                  20004e98    00000014     tasks.obj (.bss:xDelayedTaskList2)
                  20004eac    00000014     tasks.obj (.bss:xPendingReadyList)
                  20004ec0    00000014     tasks.obj (.bss:xSuspendedTaskList)
                  20004ed4    00000014     tasks.obj (.bss:xTasksWaitingTermination)
                  20004ee8    00000008     tasks.obj (.bss)
                  20004ef0    00000008     heap_2.obj (.bss:xEnd)
                  20004ef8    00000008     heap_2.obj (.bss:xStart)

.data      0    20005100    00000050     UNINITIALIZED
                  20005100    00000034     tasks.obj (.data)
                  20005134    0000000c     port.obj (.data)
                  20005140    00000008     heap_2.obj (.data)
                  20005148    00000008     main.obj (.data)

.stack     0    20004f00    00000200     UNINITIALIZED
                  20004f00    00000004     rtsv7M4_T_le_v4SPD16_eabi.lib : boot_cortex_m.c.obj (.stack)
                  20004f04    000001fc     --HOLE--

__llvm_prf_cnts 
*          0    20000000    00000000     UNINITIALIZED

MODULE SUMMARY

       Module                         code    ro data   rw data
       ------                         ----    -------   -------
    .\
       heap_2.obj                     472     0         20024  
       tasks.obj                      9148    4         260    
       DIO.obj                        1264    0         0      
       tm4c123gh6pm_startup_ccs.obj   12      620       0      
       UART.obj                       532     0         0      
       port.obj                       456     8         12     
       list.obj                       306     0         0      
       main.obj                       244     0         8      
       portasm.obj                    218     0         0      
       PLL.obj                        124     0         0      
    +--+------------------------------+-------+---------+---------+
       Total:                         12776   632       20304  
                                                               
    C:\ti\ccs1110\ccs\tools\compiler\ti-cgt-arm_20.2.5.LTS\lib\rtsv7M4_T_le_v4SPD16_eabi.lib
       fd_add_t2.asm.obj              438     0         0      
       memcpy_t2.asm.obj              156     0         0      
       memset_t2.asm.obj              122     0         0      
       copy_decompress_lzss.c.obj     104     0         0      
       fd_toi_t2.asm.obj              72      0         0      
       autoinit.c.obj                 68      0         0      
       fs_tod_t2.asm.obj              56      0         0      
       boot_cortex_m.c.obj            52      0         0      
       copy_decompress_none.c.obj     14      0         0      
       copy_zero_init.c.obj           12      0         0      
       exit.c.obj                     4       0         0      
       pre_init.c.obj                 4       0         0      
    +--+------------------------------+-------+---------+---------+
       Total:                         1102    0         0      
                                                               
       Stack:                         0       0         512    
       Linker Generated:              0       63        0      
    +--+------------------------------+-------+---------+---------+
       Grand Total:                   13878   695       20816  


LINKER GENERATED COPY TABLES

__TI_cinit_table @ 000038e8 records: 2, size/record: 8, table size: 16
	.data: load addr=000038b8, load size=0000001b bytes, run addr=20005100, run size=00000050 bytes, compression=lzss
	.bss: load addr=000038e0, load size=00000008 bytes, run addr=20000000, run size=00004f00 bytes, compression=zero_init


LINKER GENERATED HANDLER TABLE

__TI_handler_table @ 000038d4 records: 3, size/record: 4, table size: 12
	index: 0, handler: __TI_decompress_lzss
	index: 1, handler: __TI_decompress_none
	index: 2, handler: __TI_zero_init


GLOBAL SYMBOLS: SORTED ALPHABETICALLY BY Name 

address   name                               
-------   ----                               
000038a3  C$$EXIT                            
00002a0d  DIO_PortDirection                  
00002629  DIO_PortInit                       
00002843  DIO_PortRead                       
000028e1  DIO_PortWrite                      
00003621  PLL_Set80                          
00003893  ResetISR                           
00002b19  UART0_Init                         
00002c9d  UART0_ReadChr                      
00002cb1  UART0_ReadString                   
00002c81  UART0_SendChr                      
00002c07  UART0_SendInt                      
00002be3  UART0_SendString                   
20005100  __STACK_END                        
00000200  __STACK_SIZE                       
20005100  __STACK_TOP                        
000038e8  __TI_CINIT_Base                    
000038f8  __TI_CINIT_Limit                   
000038d4  __TI_Handler_Table_Base            
000038e0  __TI_Handler_Table_Limit           
000037c9  __TI_auto_init_nobinit_nopinit     
00003717  __TI_decompress_lzss               
00003879  __TI_decompress_none               
ffffffff  __TI_pprof_out_hndl                
ffffffff  __TI_prof_data_size                
ffffffff  __TI_prof_data_start               
00000000  __TI_static_base__                 
00003887  __TI_zero_init                     
0000377f  __aeabi_d2iz                       
000030d7  __aeabi_dadd                       
000030cd  __aeabi_dsub                       
0000380d  __aeabi_f2d                        
0000369d  __aeabi_memclr                     
0000369d  __aeabi_memclr4                    
0000369d  __aeabi_memclr8                    
00003583  __aeabi_memcpy                     
00003583  __aeabi_memcpy4                    
00003583  __aeabi_memcpy8                    
0000369f  __aeabi_memset                     
0000369f  __aeabi_memset4                    
0000369f  __aeabi_memset8                    
ffffffff  __binit__                          
ffffffff  __c_args__                         
UNDEFED   __mpu_init                         
20004f00  __stack                            
20000000  __start___llvm_prf_cnts            
20000000  __stop___llvm_prf_cnts             
00003845  _c_int00_noargs                    
UNDEFED   _system_post_cinit                 
0000389f  _system_pre_init                   
000038a3  abort                              
ffffffff  binit                              
000033d3  checker                            
0000065d  eTaskGetState                      
00000000  g_pfnVectors                       
000033b5  incremental                        
000033f7  main                               
00003583  memcpy                             
000036a5  memset                             
00000e21  pcTaskGetName                      
00002d2d  pvPortMalloc                       
00001e27  pvTaskIncrementMutexHeldCount      
20005100  pxCurrentTCB                       
00002f05  pxPortInitialiseStack              
000038a8  ulMaxSyscallInterruptPriority      
000034b9  ulPortGetIPSR                      
00001e4d  ulTaskGenericNotifyTake            
000024db  ulTaskGenericNotifyValueClear      
0000336d  uxListRemove                       
00000e15  uxTaskGetNumberOfTasks             
00001a6d  uxTaskGetStackHighWaterMark        
00000fb1  uxTaskGetSystemState               
000017d9  uxTaskGetTaskNumber                
00000721  uxTaskPriorityGet                  
00000749  uxTaskPriorityGetFromISR           
00001e01  uxTaskResetEventItemValue          
000038b0  uxTopUsedPriority                  
00003283  vListInitialise                    
000032b3  vListInitialiseItem                
000032ff  vListInsert                        
000032c3  vListInsertEnd                     
00003575  vPortEnableVFP                     
00003003  vPortEndScheduler                  
00003005  vPortEnterCritical                 
00003025  vPortExitCritical                  
00002e45  vPortFree                          
00002ea9  vPortInitialiseBlocks              
00003531  vPortSVCHandler                    
00003061  vPortSetupTimerInterrupt           
00003551  vPortStartFirstTask                
0000307b  vPortValidateInterruptPriority     
0000060b  vTaskDelay                         
000004c7  vTaskDelete                        
00000be9  vTaskEndScheduler                  
00002329  vTaskGenericNotifyGiveFromISR      
000018dd  vTaskGetInfo                       
00001703  vTaskInternalSetTimeOutState       
000017cd  vTaskMissedYield                   
000013d9  vTaskPlaceOnEventList              
00001409  vTaskPlaceOnUnorderedEventList     
00001d0d  vTaskPriorityDisinheritAfterTimeout
00000795  vTaskPrioritySet                   
000015c9  vTaskRemoveFromUnorderedEventList  
000009f7  vTaskResume                        
000017f9  vTaskSetTaskNumber                 
000016e5  vTaskSetTimeOutState               
00000b9f  vTaskStartScheduler                
000008e5  vTaskSuspend                       
00000c05  vTaskSuspendAll                    
00001355  vTaskSwitchContext                 
20005148  x                                  
00002ea3  xPortGetFreeHeapSize               
000034d1  xPortPendSVHandler                 
00002f6f  xPortStartScheduler                
0000303b  xPortSysTickHandler                
000010a9  xTaskAbortDelay                    
00001089  xTaskCatchUpTicks                  
00001721  xTaskCheckForTimeOut               
0000026d  xTaskCreate                        
0000055d  xTaskDelayUntil                    
00001fbd  xTaskGenericNotify                 
00002145  xTaskGenericNotifyFromISR          
00002491  xTaskGenericNotifyStateClear       
00001ef3  xTaskGenericNotifyWait             
00001ad9  xTaskGetCurrentTaskHandle          
00000f2d  xTaskGetHandle                     
00001083  xTaskGetIdleTaskHandle             
00001af9  xTaskGetSchedulerState             
00000dc1  xTaskGetTickCount                  
00000de1  xTaskGetTickCountFromISR           
00001189  xTaskIncrementTick                 
00001c39  xTaskPriorityDisinherit            
00001b39  xTaskPriorityInherit               
00001475  xTaskRemoveFromEventList           
00000c21  xTaskResumeAll                     
00000ac5  xTaskResumeFromISR                 
2000514c  y                                  


GLOBAL SYMBOLS: SORTED BY Symbol Address 

address   name                               
-------   ----                               
00000000  __TI_static_base__                 
00000000  g_pfnVectors                       
00000200  __STACK_SIZE                       
0000026d  xTaskCreate                        
000004c7  vTaskDelete                        
0000055d  xTaskDelayUntil                    
0000060b  vTaskDelay                         
0000065d  eTaskGetState                      
00000721  uxTaskPriorityGet                  
00000749  uxTaskPriorityGetFromISR           
00000795  vTaskPrioritySet                   
000008e5  vTaskSuspend                       
000009f7  vTaskResume                        
00000ac5  xTaskResumeFromISR                 
00000b9f  vTaskStartScheduler                
00000be9  vTaskEndScheduler                  
00000c05  vTaskSuspendAll                    
00000c21  xTaskResumeAll                     
00000dc1  xTaskGetTickCount                  
00000de1  xTaskGetTickCountFromISR           
00000e15  uxTaskGetNumberOfTasks             
00000e21  pcTaskGetName                      
00000f2d  xTaskGetHandle                     
00000fb1  uxTaskGetSystemState               
00001083  xTaskGetIdleTaskHandle             
00001089  xTaskCatchUpTicks                  
000010a9  xTaskAbortDelay                    
00001189  xTaskIncrementTick                 
00001355  vTaskSwitchContext                 
000013d9  vTaskPlaceOnEventList              
00001409  vTaskPlaceOnUnorderedEventList     
00001475  xTaskRemoveFromEventList           
000015c9  vTaskRemoveFromUnorderedEventList  
000016e5  vTaskSetTimeOutState               
00001703  vTaskInternalSetTimeOutState       
00001721  xTaskCheckForTimeOut               
000017cd  vTaskMissedYield                   
000017d9  uxTaskGetTaskNumber                
000017f9  vTaskSetTaskNumber                 
000018dd  vTaskGetInfo                       
00001a6d  uxTaskGetStackHighWaterMark        
00001ad9  xTaskGetCurrentTaskHandle          
00001af9  xTaskGetSchedulerState             
00001b39  xTaskPriorityInherit               
00001c39  xTaskPriorityDisinherit            
00001d0d  vTaskPriorityDisinheritAfterTimeout
00001e01  uxTaskResetEventItemValue          
00001e27  pvTaskIncrementMutexHeldCount      
00001e4d  ulTaskGenericNotifyTake            
00001ef3  xTaskGenericNotifyWait             
00001fbd  xTaskGenericNotify                 
00002145  xTaskGenericNotifyFromISR          
00002329  vTaskGenericNotifyGiveFromISR      
00002491  xTaskGenericNotifyStateClear       
000024db  ulTaskGenericNotifyValueClear      
00002629  DIO_PortInit                       
00002843  DIO_PortRead                       
000028e1  DIO_PortWrite                      
00002a0d  DIO_PortDirection                  
00002b19  UART0_Init                         
00002be3  UART0_SendString                   
00002c07  UART0_SendInt                      
00002c81  UART0_SendChr                      
00002c9d  UART0_ReadChr                      
00002cb1  UART0_ReadString                   
00002d2d  pvPortMalloc                       
00002e45  vPortFree                          
00002ea3  xPortGetFreeHeapSize               
00002ea9  vPortInitialiseBlocks              
00002f05  pxPortInitialiseStack              
00002f6f  xPortStartScheduler                
00003003  vPortEndScheduler                  
00003005  vPortEnterCritical                 
00003025  vPortExitCritical                  
0000303b  xPortSysTickHandler                
00003061  vPortSetupTimerInterrupt           
0000307b  vPortValidateInterruptPriority     
000030cd  __aeabi_dsub                       
000030d7  __aeabi_dadd                       
00003283  vListInitialise                    
000032b3  vListInitialiseItem                
000032c3  vListInsertEnd                     
000032ff  vListInsert                        
0000336d  uxListRemove                       
000033b5  incremental                        
000033d3  checker                            
000033f7  main                               
000034b9  ulPortGetIPSR                      
000034d1  xPortPendSVHandler                 
00003531  vPortSVCHandler                    
00003551  vPortStartFirstTask                
00003575  vPortEnableVFP                     
00003583  __aeabi_memcpy                     
00003583  __aeabi_memcpy4                    
00003583  __aeabi_memcpy8                    
00003583  memcpy                             
00003621  PLL_Set80                          
0000369d  __aeabi_memclr                     
0000369d  __aeabi_memclr4                    
0000369d  __aeabi_memclr8                    
0000369f  __aeabi_memset                     
0000369f  __aeabi_memset4                    
0000369f  __aeabi_memset8                    
000036a5  memset                             
00003717  __TI_decompress_lzss               
0000377f  __aeabi_d2iz                       
000037c9  __TI_auto_init_nobinit_nopinit     
0000380d  __aeabi_f2d                        
00003845  _c_int00_noargs                    
00003879  __TI_decompress_none               
00003887  __TI_zero_init                     
00003893  ResetISR                           
0000389f  _system_pre_init                   
000038a3  C$$EXIT                            
000038a3  abort                              
000038a8  ulMaxSyscallInterruptPriority      
000038b0  uxTopUsedPriority                  
000038d4  __TI_Handler_Table_Base            
000038e0  __TI_Handler_Table_Limit           
000038e8  __TI_CINIT_Base                    
000038f8  __TI_CINIT_Limit                   
20000000  __start___llvm_prf_cnts            
20000000  __stop___llvm_prf_cnts             
20004f00  __stack                            
20005100  __STACK_END                        
20005100  __STACK_TOP                        
20005100  pxCurrentTCB                       
20005148  x                                  
2000514c  y                                  
ffffffff  __TI_pprof_out_hndl                
ffffffff  __TI_prof_data_size                
ffffffff  __TI_prof_data_start               
ffffffff  __binit__                          
ffffffff  __c_args__                         
ffffffff  binit                              
UNDEFED   __mpu_init                         
UNDEFED   _system_post_cinit                 

[137 symbols]
